<html>
<body>
<pre>
<h1>µVision Build Log</h1>
<h2>Tool Versions:</h2>
IDE-Version: µVision V5.28.0.0
Copyright (C) 2019 ARM Ltd and ARM Germany GmbH. All rights reserved.
License Information: klara pacalova, cvut, LIC=----
 
Tool Versions:
Toolchain:       MDK-Lite  Version: 5.28.0.0
Toolchain Path:  C:\Keil_v5\ARM\ARMCC\Bin
C Compiler:      Armcc.exe V5.06 update 6 (build 750)
Assembler:       Armasm.exe V5.06 update 6 (build 750)
Linker/Locator:  ArmLink.exe V5.06 update 6 (build 750)
Library Manager: ArmAr.exe V5.06 update 6 (build 750)
Hex Converter:   FromElf.exe V5.06 update 6 (build 750)
CPU DLL:         SARMCM3.DLL V5.28.0.0
Dialog DLL:      DCM.DLL V1.17.3.0
Target DLL:      STLink\ST-LINKIII-KEIL_SWO.dll V3.0.6.0
Dialog DLL:      TCM.DLL V1.36.2.0
 
<h2>Project:</h2>
C:\LIS2DW12-Tilt-Sensing-with-Calibration\Projects\STM32L476RG-Nucleo\Examples\IKS01A3\LIS2DW12_TiltWithCalibration\MDK-ARM\LIS2DW12_TiltSensing.uvprojx
Project File Date:  10/18/2019

<h2>Output:</h2>
*** Using Compiler 'V5.06 update 6 (build 750)', folder: 'C:\Keil_v5\ARM\ARMCC\Bin'
Build target 'LIS2DW12_6DOrientation'
assembling startup_stm32l476xx.s...
compiling stm32l4xx_nucleo_bus.c...
compiling stm32l4xx_nucleo.c...
compiling serial_protocol.c...
compiling main.c...
compiling stm32l4xx_hal_msp.c...
compiling stm32l4xx_it.c...
compiling app_mems_int_pin_a_interface.c...
compiling lsm6dso.c...
compiling lis2dw12_reg.c...
compiling lsm6dso_reg.c...
compiling lis2dw12.c...
compiling lis2mdl.c...
compiling lis2mdl_reg.c...
compiling hts221_reg.c...
compiling hts221.c...
compiling lps22hh.c...
compiling lps22hh_reg.c...
compiling stts751_reg.c...
compiling stts751.c...
compiling MotionTL_Manager.c...
compiling iks01a3_motion_sensors.c...
compiling iks01a3_motion_sensors_ex.c...
compiling iks01a3_env_sensors.c...
compiling iks01a3_env_sensors_ex.c...
compiling stm32l4xx_hal_i2c.c...
compiling stm32l4xx_hal_i2c_ex.c...
compiling stm32l4xx_hal_uart.c...
compiling stm32l4xx_hal_uart_ex.c...
compiling stm32l4xx_hal_tim.c...
compiling stm32l4xx_hal_tim_ex.c...
compiling stm32l4xx_hal.c...
compiling stm32l4xx_hal_rcc.c...
compiling stm32l4xx_hal_flash.c...
compiling stm32l4xx_hal_rcc_ex.c...
compiling stm32l4xx_hal_flash_ex.c...
compiling stm32l4xx_hal_flash_ramfunc.c...
compiling stm32l4xx_hal_gpio.c...
compiling stm32l4xx_hal_dma.c...
compiling stm32l4xx_hal_dma_ex.c...
compiling stm32l4xx_hal_pwr.c...
compiling stm32l4xx_hal_pwr_ex.c...
compiling stm32l4xx_hal_cortex.c...
compiling retarget_io.c...
compiling stm32l4xx_hal_exti.c...
compiling system_stm32l4xx.c...
linking...
.\Exe\TiltSensing.axf: Warning: L6989W: Could not apply patch sdcomp-29491-629360 to instruction VPOP     {d8-d13} at offset 0x54, instruction is within an IT block and is not the last instruction for acos.o(i.__hardfp_acos).
.\Exe\TiltSensing.axf: Warning: L6989W: Could not apply patch sdcomp-29491-629360 to instruction VPOP     {d8-d14} at offset 0x54, instruction is within an IT block and is not the last instruction for acos_x.o(i.____hardfp_acos$lsc).
Program Size: Code=26748 RO-data=660 RW-data=304 ZI-data=1584  
Finished: 0 information, 2 warning and 0 error messages.
FromELF: creating hex file...
After Build - User command #1: C:\Keil_v5\ARM\ARMCC\bin\fromelf.exe --bin --output=TiltSensing.bin TiltSensing.axf
"TiltSensing.axf": Error: Q0122E: Could not open file 'TiltSensing.axf': No such file or directory
Finished: 0 information, 0 warning and 1 error messages.
".\Exe\TiltSensing.axf" - 0 Error(s), 2 Warning(s).

<h2>Software Packages used:</h2>

Package Vendor: ARM
                http://www.keil.com/pack/ARM.CMSIS.5.5.1.pack
                ARM.CMSIS.5.5.1
                CMSIS (Cortex Microcontroller Software Interface Standard)
   * Component: CORE Version: 5.2.0

Package Vendor: Keil
                http://www.keil.com/pack/Keil.ARM_Compiler.1.6.1.pack
                Keil.ARM_Compiler.1.6.1
                Keil ARM Compiler extensions for ARM Compiler 5 and ARM Compiler 6
   * Component: STDERR Variant: ITM Version: 1.2.0
   * Component: STDIN Variant: ITM Version: 1.2.0
   * Component: STDOUT Variant: ITM Version: 1.2.0

Package Vendor: Keil
                http://www.keil.com/pack/Keil.STM32L4xx_DFP.2.2.0.pack
                Keil.STM32L4xx_DFP.2.2.0
                STMicroelectronics STM32L4 Series Device Support, Drivers and Examples

<h2>Collection of Component include folders:</h2>
  .\RTE\_LIS2DW12_6DOrientation
  C:\Users\pacalkla\AppData\Local\Arm\Packs\ARM\CMSIS\5.5.1\CMSIS\Core\Include
  C:\Users\pacalkla\AppData\Local\Arm\Packs\Keil\STM32L4xx_DFP\2.2.0\Drivers\CMSIS\Device\ST\STM32L4xx\Include

<h2>Collection of Component Files used:</h2>

   * Component: ARM::CMSIS:CORE:5.2.0

   * Component: Keil.ARM Compiler::Compiler:I/O:STDERR:ITM:1.2.0
      Source file:   Source\retarget_io.c

   * Component: Keil.ARM Compiler::Compiler:I/O:STDIN:ITM:1.2.0
      Source file:   Source\retarget_io.c

   * Component: Keil.ARM Compiler::Compiler:I/O:STDOUT:ITM:1.2.0
      Source file:   Source\retarget_io.c
Build Time Elapsed:  00:01:42
</pre>
</body>
</html>
