Component: ARM Compiler 5.06 update 6 (build 750) Tool: armlink [4d35ed]

==============================================================================

Section Cross References

    startup_stm32l476xx.o(RESET) refers to startup_stm32l476xx.o(STACK) for __initial_sp
    startup_stm32l476xx.o(RESET) refers to startup_stm32l476xx.o(.text) for Reset_Handler
    startup_stm32l476xx.o(RESET) refers to stm32l4xx_it.o(i.NMI_Handler) for NMI_Handler
    startup_stm32l476xx.o(RESET) refers to stm32l4xx_it.o(i.HardFault_Handler) for HardFault_Handler
    startup_stm32l476xx.o(RESET) refers to stm32l4xx_it.o(i.MemManage_Handler) for MemManage_Handler
    startup_stm32l476xx.o(RESET) refers to stm32l4xx_it.o(i.BusFault_Handler) for BusFault_Handler
    startup_stm32l476xx.o(RESET) refers to stm32l4xx_it.o(i.UsageFault_Handler) for UsageFault_Handler
    startup_stm32l476xx.o(RESET) refers to stm32l4xx_it.o(i.SVC_Handler) for SVC_Handler
    startup_stm32l476xx.o(RESET) refers to stm32l4xx_it.o(i.DebugMon_Handler) for DebugMon_Handler
    startup_stm32l476xx.o(RESET) refers to stm32l4xx_it.o(i.PendSV_Handler) for PendSV_Handler
    startup_stm32l476xx.o(RESET) refers to stm32l4xx_it.o(i.SysTick_Handler) for SysTick_Handler
    startup_stm32l476xx.o(RESET) refers to stm32l4xx_it.o(i.EXTI0_IRQHandler) for EXTI0_IRQHandler
    startup_stm32l476xx.o(RESET) refers to stm32l4xx_it.o(i.EXTI1_IRQHandler) for EXTI1_IRQHandler
    startup_stm32l476xx.o(RESET) refers to stm32l4xx_it.o(i.EXTI4_IRQHandler) for EXTI4_IRQHandler
    startup_stm32l476xx.o(RESET) refers to stm32l4xx_it.o(i.EXTI9_5_IRQHandler) for EXTI9_5_IRQHandler
    startup_stm32l476xx.o(RESET) refers to stm32l4xx_it.o(i.EXTI15_10_IRQHandler) for EXTI15_10_IRQHandler
    startup_stm32l476xx.o(.text) refers to system_stm32l4xx.o(i.SystemInit) for SystemInit
    startup_stm32l476xx.o(.text) refers to entry.o(.ARM.Collect$$$$00000000) for __main
    main.o(i.Calibration_6point) refers to main.o(i.GetMyData6Point) for GetMyData6Point
    main.o(i.Calibration_6point) refers to printfa.o(i.__0printf) for __2printf
    main.o(i.Calibration_6point) refers to main.o(.bss) for .bss
    main.o(i.Calibration_MiniMax) refers to printfa.o(i.__0printf) for __2printf
    main.o(i.Calibration_MiniMax) refers to main.o(i.GetMyDataMiniMax) for GetMyDataMiniMax
    main.o(i.Calibration_MiniMax) refers to stm32l4xx_hal.o(i.HAL_Delay) for HAL_Delay
    main.o(i.Calibration_MiniMax) refers to stm32l4xx_hal.o(i.HAL_GetTick) for HAL_GetTick
    main.o(i.Calibration_MiniMax) refers to lis2dw12.o(i.LIS2DW12_ACC_GetSensitivity) for LIS2DW12_ACC_GetSensitivity
    main.o(i.Calibration_MiniMax) refers to main.o(.bss) for .bss
    main.o(i.CollectData) refers to main.o(.data) for .data
    main.o(i.Error_Handler) refers to printfa.o(i.__0printf) for __2printf
    main.o(i.GetMyData6Point) refers to printfa.o(i.__0printf) for __2printf
    main.o(i.GetMyData6Point) refers to stm32l4xx_hal.o(i.HAL_Delay) for HAL_Delay
    main.o(i.GetMyData6Point) refers to iks01a3_motion_sensors.o(i.IKS01A3_MOTION_SENSOR_GetAxes) for IKS01A3_MOTION_SENSOR_GetAxes
    main.o(i.GetMyDataMiniMax) refers to iks01a3_motion_sensors.o(i.IKS01A3_MOTION_SENSOR_GetAxes) for IKS01A3_MOTION_SENSOR_GetAxes
    main.o(i.Init_all) refers to stm32l4xx_hal.o(i.HAL_Init) for HAL_Init
    main.o(i.Init_all) refers to main.o(i.SystemClock_Config) for SystemClock_Config
    main.o(i.Init_all) refers to memseta.o(.text) for __aeabi_memclr4
    main.o(i.Init_all) refers to stm32l4xx_hal_gpio.o(i.HAL_GPIO_Init) for HAL_GPIO_Init
    main.o(i.Init_all) refers to app_mems_int_pin_a_interface.o(i.set_mems_int_pin_a_exti) for set_mems_int_pin_a_exti
    main.o(i.Init_all) refers to iks01a3_motion_sensors.o(i.IKS01A3_MOTION_SENSOR_Init) for IKS01A3_MOTION_SENSOR_Init
    main.o(i.Init_all) refers to iks01a3_motion_sensors.o(i.IKS01A3_MOTION_SENSOR_SetOutputDataRate) for IKS01A3_MOTION_SENSOR_SetOutputDataRate
    main.o(i.Init_all) refers to iks01a3_motion_sensors.o(i.IKS01A3_MOTION_SENSOR_SetFullScale) for IKS01A3_MOTION_SENSOR_SetFullScale
    main.o(i.Init_all) refers to stm32l4xx_nucleo.o(i.BSP_COM_Init) for BSP_COM_Init
    main.o(i.Init_all) refers to motiontl_manager.o(i.MotionTL_manager_init) for MotionTL_manager_init
    main.o(i.Init_all) refers to main.o(i.initLIS2DW12) for initLIS2DW12
    main.o(i.Init_all) refers to lis2dw12_reg.o(i.lis2dw12_fifo_watermark_set) for lis2dw12_fifo_watermark_set
    main.o(i.Init_all) refers to printfa.o(i.__0printf) for __2printf
    main.o(i.Init_all) refers to main.o(i.MX_USART2_UART_Init) for MX_USART2_UART_Init
    main.o(i.Init_all) refers to main.o(.bss) for .bss
    main.o(i.Init_all) refers to main.o(.data) for .data
    main.o(i.Init_all) refers to main.o(i.Error_Handler) for i.Error_Handler
    main.o(i.LIS2DW12_Read_All_FIFO_Data) refers to lis2dw12_reg.o(i.lis2dw12_fifo_data_level_get) for lis2dw12_fifo_data_level_get
[...]
    i.lsm6dso_angular_rate_raw_get           0x08006610   Section        0  lsm6dso_reg.o(i.lsm6dso_angular_rate_raw_get)
    i.lsm6dso_auto_increment_set             0x0800661a   Section        0  lsm6dso_reg.o(i.lsm6dso_auto_increment_set)
    i.lsm6dso_block_data_update_set          0x08006648   Section        0  lsm6dso_reg.o(i.lsm6dso_block_data_update_set)
    i.lsm6dso_device_id_get                  0x08006676   Section        0  lsm6dso_reg.o(i.lsm6dso_device_id_get)
    i.lsm6dso_fifo_mode_set                  0x08006680   Section        0  lsm6dso_reg.o(i.lsm6dso_fifo_mode_set)
    i.lsm6dso_gy_data_rate_get               0x080066ae   Section        0  lsm6dso_reg.o(i.lsm6dso_gy_data_rate_get)
    i.lsm6dso_gy_data_rate_set               0x08006702   Section        0  lsm6dso_reg.o(i.lsm6dso_gy_data_rate_set)
    i.lsm6dso_gy_full_scale_get              0x08006730   Section        0  lsm6dso_reg.o(i.lsm6dso_gy_full_scale_get)
    i.lsm6dso_gy_full_scale_set              0x0800676a   Section        0  lsm6dso_reg.o(i.lsm6dso_gy_full_scale_set)
    i.lsm6dso_i3c_disable_set                0x08006798   Section        0  lsm6dso_reg.o(i.lsm6dso_i3c_disable_set)
    i.lsm6dso_read_reg                       0x080067f4   Section        0  lsm6dso_reg.o(i.lsm6dso_read_reg)
    i.lsm6dso_write_reg                      0x08006802   Section        0  lsm6dso_reg.o(i.lsm6dso_write_reg)
    i.lsm6dso_xl_data_rate_get               0x08006810   Section        0  lsm6dso_reg.o(i.lsm6dso_xl_data_rate_get)
    i.lsm6dso_xl_data_rate_set               0x08006868   Section        0  lsm6dso_reg.o(i.lsm6dso_xl_data_rate_set)
    i.lsm6dso_xl_full_scale_get              0x08006896   Section        0  lsm6dso_reg.o(i.lsm6dso_xl_full_scale_get)
    i.lsm6dso_xl_full_scale_set              0x080068cc   Section        0  lsm6dso_reg.o(i.lsm6dso_xl_full_scale_set)
    i.main                                   0x080068fc   Section        0  main.o(i.main)
    i.mems_int_pin_a_hardware_event_isr      0x080069c4   Section        0  app_mems_int_pin_a_interface.o(i.mems_int_pin_a_hardware_event_isr)
    mems_int_pin_a_hardware_event_isr        0x080069c5   Thumb Code     8  app_mems_int_pin_a_interface.o(i.mems_int_pin_a_hardware_event_isr)
    i.set_mems_int_pin_a_exti                0x080069d0   Section        0  app_mems_int_pin_a_interface.o(i.set_mems_int_pin_a_exti)
    .constdata                               0x08006a04   Section       64  system_stm32l4xx.o(.constdata)
    .constdata                               0x08006a44   Section        8  system_stm32l4xx.o(.constdata)
    .constdata                               0x08006a50   Section      152  atan.o(.constdata)
    atanhi                                   0x08006a50   Data          32  atan.o(.constdata)
    atanlo                                   0x08006a70   Data          32  atan.o(.constdata)
    aTodd                                    0x08006a90   Data          40  atan.o(.constdata)
    aTeven                                   0x08006ab8   Data          48  atan.o(.constdata)
    .constdata                               0x08006ae8   Section        8  qnan.o(.constdata)
    .data                                    0x20000000   Section       12  main.o(.data)
    fifo_flag                                0x20000000   Data           1  main.o(.data)
    DemoFifoStatus                           0x20000001   Data           1  main.o(.data)
    .data                                    0x2000000c   Section        1  main.o(.data)
    .data                                    0x20000010   Section        4  stm32l4xx_nucleo_bus.o(.data)
    I2C1InitCounter                          0x20000010   Data           4  stm32l4xx_nucleo_bus.o(.data)
    .data                                    0x20000014   Section       24  stm32l4xx_nucleo.o(.data)
    COM_ActiveLogPort                        0x20000014   Data           1  stm32l4xx_nucleo.o(.data)
    LED_PORT                                 0x20000018   Data           4  stm32l4xx_nucleo.o(.data)
    BUTTON_PORT                              0x2000001c   Data           4  stm32l4xx_nucleo.o(.data)
    .data                                    0x2000002c   Section        8  app_mems_int_pin_a_interface.o(.data)
    .data                                    0x20000034   Section       16  lsm6dso.o(.data)
    .data                                    0x20000044   Section       36  lsm6dso.o(.data)
    .data                                    0x20000068   Section       36  lsm6dso.o(.data)
    .data                                    0x2000008c   Section       16  lis2dw12.o(.data)
    .data                                    0x2000009c   Section       36  lis2dw12.o(.data)
    .data                                    0x200000c0   Section       16  lis2mdl.o(.data)
    .data                                    0x200000d0   Section       36  lis2mdl.o(.data)
    .data                                    0x200000f4   Section       20  iks01a3_motion_sensors.o(.data)
    FunctionIndex                            0x200000f4   Data          20  iks01a3_motion_sensors.o(.data)
    .data                                    0x20000108   Section       12  stm32l4xx_hal.o(.data)
    .data                                    0x20000114   Section        4  system_stm32l4xx.o(.data)
    [Anonymous Symbol]                       0x20000118   Section        0  motion_tl.o(.data)
    cal_result_global                        0x20000118   Data           1  motion_tl.o(.data)
    gain_global                              0x2000011c   Data          12  motion_tl.o(.data)
    .data                                    0x20000128   Section        4  stdout.o(.data)
    .data                                    0x2000012c   Section        4  errno.o(.data)
    _errno                                   0x2000012c   Data           4  errno.o(.data)
    .bss                                     0x20000130   Section       76  main.o(.bss)
    LIS2DW12                                 0x20000130   Data          52  main.o(.bss)
    .bss                                     0x2000017c   Section       76  stm32l4xx_nucleo_bus.o(.bss)
    .bss                                     0x200001c8   Section      128  stm32l4xx_nucleo.o(.bss)
    .bss                                     0x20000248   Section      216  iks01a3_motion_sensors.o(.bss)
    lsm6dso_obj_0                            0x20000248   Data          48  iks01a3_motion_sensors.o(.bss)
    lis2dw12_obj_0                           0x20000278   Data          52  iks01a3_motion_sensors.o(.bss)
    lis2mdl_obj_0                            0x200002ac   Data          44  iks01a3_motion_sensors.o(.bss)
    MotionFuncDrv                            0x200002e4   Data          36  iks01a3_motion_sensors.o(.bss)
    MotionDrv                                0x20000308   Data          12  iks01a3_motion_sensors.o(.bss)
    MotionCtx                                0x20000314   Data          12  iks01a3_motion_sensors.o(.bss)
    [Anonymous Symbol]                       0x20000320   Section        0  motion_tl.o(.bss)
    license_ok                               0x20000320   Data           1  motion_tl.o(.bss)
    rotAcc                                   0x20000324   Data           9  motion_tl.o(.bss)
    offset_global                            0x20000330   Data          12  motion_tl.o(.bss)
    first.7009                               0x2000033c   Data           1  motion_tl.o(.bss)
    calDataTotal.7028                        0x20000340   Data          24  motion_tl.o(.bss)
    nCalibratedAxes.7027                     0x20000358   Data           3  motion_tl.o(.bss)
    STACK                                    0x20000360   Section     1024  startup_stm32l476xx.o(STACK)

    Global Symbols

    Symbol Name                              Value     Ov Type        Size  Object(Section)

    BuildAttributes$$THM_ISAv4$E$P$D$K$B$S$7EM$VFPi3$EXTD16$VFPS$VFMA$PE$FZ_POSZERO$A:L22UL41UL21$X:L11$S22US41US21$IEEE1$IW$USESV6$~STKCKD$USESV7$~SHL$OTIME$ROPI$IEEEX$EBA8$MICROLIB$REQ8$PRES8$EABIv2 0x00000000   Number         0  anon$$obj.o ABSOLUTE
    __ARM_use_no_argv                        0x00000000   Number         0  main.o ABSOLUTE
    _printf_a                                0x00000000   Number         0  stubs.o ABSOLUTE
    _printf_c                                0x00000000   Number         0  stubs.o ABSOLUTE
    _printf_charcount                        0x00000000   Number         0  stubs.o ABSOLUTE
    _printf_d                                0x00000000   Number         0  stubs.o ABSOLUTE
    _printf_e                                0x00000000   Number         0  stubs.o ABSOLUTE
    _printf_f                                0x00000000   Number         0  stubs.o ABSOLUTE
    _printf_flags                            0x00000000   Number         0  stubs.o ABSOLUTE
    _printf_fp_dec                           0x00000000   Number         0  stubs.o ABSOLUTE
    _printf_fp_hex                           0x00000000   Number         0  stubs.o ABSOLUTE
    _printf_g                                0x00000000   Number         0  stubs.o ABSOLUTE
    _printf_i                                0x00000000   Number         0  stubs.o ABSOLUTE
    _printf_int_dec                          0x00000000   Number         0  stubs.o ABSOLUTE
    _printf_l                                0x00000000   Number         0  stubs.o ABSOLUTE
    _printf_lc                               0x00000000   Number         0  stubs.o ABSOLUTE
    _printf_ll                               0x00000000   Number         0  stubs.o ABSOLUTE
    _printf_lld                              0x00000000   Number         0  stubs.o ABSOLUTE
    _printf_lli                              0x00000000   Number         0  stubs.o ABSOLUTE
    _printf_llo                              0x00000000   Number         0  stubs.o ABSOLUTE
    _printf_llu                              0x00000000   Number         0  stubs.o ABSOLUTE
    _printf_llx                              0x00000000   Number         0  stubs.o ABSOLUTE
    _printf_longlong_dec                     0x00000000   Number         0  stubs.o ABSOLUTE
    _printf_longlong_hex                     0x00000000   Number         0  stubs.o ABSOLUTE
    _printf_longlong_oct                     0x00000000   Number         0  stubs.o ABSOLUTE
    _printf_ls                               0x00000000   Number         0  stubs.o ABSOLUTE
    _printf_mbtowc                           0x00000000   Number         0  stubs.o ABSOLUTE
    _printf_n                                0x00000000   Number         0  stubs.o ABSOLUTE
    _printf_o                                0x00000000   Number         0  stubs.o ABSOLUTE
    _printf_p                                0x00000000   Number         0  stubs.o ABSOLUTE
    _printf_percent                          0x00000000   Number         0  stubs.o ABSOLUTE
    _printf_pre_padding                      0x00000000   Number         0  stubs.o ABSOLUTE
    _printf_return_value                     0x00000000   Number         0  stubs.o ABSOLUTE
    _printf_s                                0x00000000   Number         0  stubs.o ABSOLUTE
    _printf_sizespec                         0x00000000   Number         0  stubs.o ABSOLUTE
    _printf_str                              0x00000000   Number         0  stubs.o ABSOLUTE
    _printf_truncate_signed                  0x00000000   Number         0  stubs.o ABSOLUTE
    _printf_truncate_unsigned                0x00000000   Number         0  stubs.o ABSOLUTE
    _printf_u                                0x00000000   Number         0  stubs.o ABSOLUTE
    _printf_wc                               0x00000000   Number         0  stubs.o ABSOLUTE
    _printf_wctomb                           0x00000000   Number         0  stubs.o ABSOLUTE
    _printf_widthprec                        0x00000000   Number         0  stubs.o ABSOLUTE
    _printf_x                                0x00000000   Number         0  stubs.o ABSOLUTE
    __cpp_initialize__aeabi_                  - Undefined Weak Reference
    __cxa_finalize                            - Undefined Weak Reference
    _clock_init                               - Undefined Weak Reference
    _microlib_exit                            - Undefined Weak Reference
    __Vectors_Size                           0x00000188   Number         0  startup_stm32l476xx.o ABSOLUTE
    __Vectors                                0x08000000   Data           4  startup_stm32l476xx.o(RESET)
    __Vectors_End                            0x08000188   Data           0  startup_stm32l476xx.o(RESET)
    __main                                   0x08000189   Thumb Code     0  entry.o(.ARM.Collect$$$$00000000)
    _main_stk                                0x08000189   Thumb Code     0  entry2.o(.ARM.Collect$$$$00000001)
    _main_scatterload                        0x0800018d   Thumb Code     0  entry5.o(.ARM.Collect$$$$00000004)
    __main_after_scatterload                 0x08000191   Thumb Code     0  entry5.o(.ARM.Collect$$$$00000004)
    _main_clock                              0x08000191   Thumb Code     0  entry7b.o(.ARM.Collect$$$$00000008)
    _main_cpp_init                           0x08000191   Thumb Code     0  entry8b.o(.ARM.Collect$$$$0000000A)
    _main_init                               0x08000191   Thumb Code     0  entry9a.o(.ARM.Collect$$$$0000000B)
    __rt_final_cpp                           0x08000199   Thumb Code     0  entry10a.o(.ARM.Collect$$$$0000000D)
    __rt_final_exit                          0x08000199   Thumb Code     0  entry11a.o(.ARM.Collect$$$$0000000F)
    Reset_Handler                            0x0800019d   Thumb Code     8  startup_stm32l476xx.o(.text)
    ADC1_2_IRQHandler                        0x080001b7   Thumb Code     0  startup_stm32l476xx.o(.text)
    ADC3_IRQHandler                          0x080001b7   Thumb Code     0  startup_stm32l476xx.o(.text)
    CAN1_RX0_IRQHandler                      0x080001b7   Thumb Code     0  startup_stm32l476xx.o(.text)
    CAN1_RX1_IRQHandler                      0x080001b7   Thumb Code     0  startup_stm32l476xx.o(.text)
    CAN1_SCE_IRQHandler                      0x080001b7   Thumb Code     0  startup_stm32l476xx.o(.text)
    CAN1_TX_IRQHandler                       0x080001b7   Thumb Code     0  startup_stm32l476xx.o(.text)
    COMP_IRQHandler                          0x080001b7   Thumb Code     0  startup_stm32l476xx.o(.text)
    DFSDM1_FLT0_IRQHandler                   0x080001b7   Thumb Code     0  startup_stm32l476xx.o(.text)
    DFSDM1_FLT1_IRQHandler                   0x080001b7   Thumb Code     0  startup_stm32l476xx.o(.text)
    DFSDM1_FLT2_IRQHandler                   0x080001b7   Thumb Code     0  startup_stm32l476xx.o(.text)
    DFSDM1_FLT3_IRQHandler                   0x080001b7   Thumb Code     0  startup_stm32l476xx.o(.text)
    DMA1_Channel1_IRQHandler                 0x080001b7   Thumb Code     0  startup_stm32l476xx.o(.text)
    DMA1_Channel2_IRQHandler                 0x080001b7   Thumb Code     0  startup_stm32l476xx.o(.text)
    DMA1_Channel3_IRQHandler                 0x080001b7   Thumb Code     0  startup_stm32l476xx.o(.text)
    DMA1_Channel4_IRQHandler                 0x080001b7   Thumb Code     0  startup_stm32l476xx.o(.text)
    DMA1_Channel5_IRQHandler                 0x080001b7   Thumb Code     0  startup_stm32l476xx.o(.text)
    DMA1_Channel6_IRQHandler                 0x080001b7   Thumb Code     0  startup_stm32l476xx.o(.text)
    DMA1_Channel7_IRQHandler                 0x080001b7   Thumb Code     0  startup_stm32l476xx.o(.text)
    DMA2_Channel1_IRQHandler                 0x080001b7   Thumb Code     0  startup_stm32l476xx.o(.text)
    DMA2_Channel2_IRQHandler                 0x080001b7   Thumb Code     0  startup_stm32l476xx.o(.text)
    DMA2_Channel3_IRQHandler                 0x080001b7   Thumb Code     0  startup_stm32l476xx.o(.text)
    DMA2_Channel4_IRQHandler                 0x080001b7   Thumb Code     0  startup_stm32l476xx.o(.text)
    DMA2_Channel5_IRQHandler                 0x080001b7   Thumb Code     0  startup_stm32l476xx.o(.text)
    DMA2_Channel6_IRQHandler                 0x080001b7   Thumb Code     0  startup_stm32l476xx.o(.text)
    DMA2_Channel7_IRQHandler                 0x080001b7   Thumb Code     0  startup_stm32l476xx.o(.text)
    EXTI2_IRQHandler                         0x080001b7   Thumb Code     0  startup_stm32l476xx.o(.text)
    EXTI3_IRQHandler                         0x080001b7   Thumb Code     0  startup_stm32l476xx.o(.text)
    FLASH_IRQHandler                         0x080001b7   Thumb Code     0  startup_stm32l476xx.o(.text)
    FMC_IRQHandler                           0x080001b7   Thumb Code     0  startup_stm32l476xx.o(.text)
    FPU_IRQHandler                           0x080001b7   Thumb Code     0  startup_stm32l476xx.o(.text)
    I2C1_ER_IRQHandler                       0x080001b7   Thumb Code     0  startup_stm32l476xx.o(.text)
    I2C1_EV_IRQHandler                       0x080001b7   Thumb Code     0  startup_stm32l476xx.o(.text)
    I2C2_ER_IRQHandler                       0x080001b7   Thumb Code     0  startup_stm32l476xx.o(.text)
    I2C2_EV_IRQHandler                       0x080001b7   Thumb Code     0  startup_stm32l476xx.o(.text)
    I2C3_ER_IRQHandler                       0x080001b7   Thumb Code     0  startup_stm32l476xx.o(.text)
    I2C3_EV_IRQHandler                       0x080001b7   Thumb Code     0  startup_stm32l476xx.o(.text)
    LCD_IRQHandler                           0x080001b7   Thumb Code     0  startup_stm32l476xx.o(.text)
    LPTIM1_IRQHandler                        0x080001b7   Thumb Code     0  startup_stm32l476xx.o(.text)
    LPTIM2_IRQHandler                        0x080001b7   Thumb Code     0  startup_stm32l476xx.o(.text)
    LPUART1_IRQHandler                       0x080001b7   Thumb Code     0  startup_stm32l476xx.o(.text)
    OTG_FS_IRQHandler                        0x080001b7   Thumb Code     0  startup_stm32l476xx.o(.text)
    PVD_PVM_IRQHandler                       0x080001b7   Thumb Code     0  startup_stm32l476xx.o(.text)
    QUADSPI_IRQHandler                       0x080001b7   Thumb Code     0  startup_stm32l476xx.o(.text)
    RCC_IRQHandler                           0x080001b7   Thumb Code     0  startup_stm32l476xx.o(.text)
    RNG_IRQHandler                           0x080001b7   Thumb Code     0  startup_stm32l476xx.o(.text)
    RTC_Alarm_IRQHandler                     0x080001b7   Thumb Code     0  startup_stm32l476xx.o(.text)
    RTC_WKUP_IRQHandler                      0x080001b7   Thumb Code     0  startup_stm32l476xx.o(.text)
    SAI1_IRQHandler                          0x080001b7   Thumb Code     0  startup_stm32l476xx.o(.text)
    SAI2_IRQHandler                          0x080001b7   Thumb Code     0  startup_stm32l476xx.o(.text)
    SDMMC1_IRQHandler                        0x080001b7   Thumb Code     0  startup_stm32l476xx.o(.text)
    SPI1_IRQHandler                          0x080001b7   Thumb Code     0  startup_stm32l476xx.o(.text)
    SPI2_IRQHandler                          0x080001b7   Thumb Code     0  startup_stm32l476xx.o(.text)
    SPI3_IRQHandler                          0x080001b7   Thumb Code     0  startup_stm32l476xx.o(.text)
    SWPMI1_IRQHandler                        0x080001b7   Thumb Code     0  startup_stm32l476xx.o(.text)
    TAMP_STAMP_IRQHandler                    0x080001b7   Thumb Code     0  startup_stm32l476xx.o(.text)
    TIM1_BRK_TIM15_IRQHandler                0x080001b7   Thumb Code     0  startup_stm32l476xx.o(.text)
    TIM1_CC_IRQHandler                       0x080001b7   Thumb Code     0  startup_stm32l476xx.o(.text)
    TIM1_TRG_COM_TIM17_IRQHandler            0x080001b7   Thumb Code     0  startup_stm32l476xx.o(.text)
    TIM1_UP_TIM16_IRQHandler                 0x080001b7   Thumb Code     0  startup_stm32l476xx.o(.text)
    TIM2_IRQHandler                          0x080001b7   Thumb Code     0  startup_stm32l476xx.o(.text)
    TIM3_IRQHandler                          0x080001b7   Thumb Code     0  startup_stm32l476xx.o(.text)
    TIM4_IRQHandler                          0x080001b7   Thumb Code     0  startup_stm32l476xx.o(.text)
    TIM5_IRQHandler                          0x080001b7   Thumb Code     0  startup_stm32l476xx.o(.text)
    TIM6_DAC_IRQHandler                      0x080001b7   Thumb Code     0  startup_stm32l476xx.o(.text)
    TIM7_IRQHandler                          0x080001b7   Thumb Code     0  startup_stm32l476xx.o(.text)
    TIM8_BRK_IRQHandler                      0x080001b7   Thumb Code     0  startup_stm32l476xx.o(.text)
    TIM8_CC_IRQHandler                       0x080001b7   Thumb Code     0  startup_stm32l476xx.o(.text)
    TIM8_TRG_COM_IRQHandler                  0x080001b7   Thumb Code     0  startup_stm32l476xx.o(.text)
    TIM8_UP_IRQHandler                       0x080001b7   Thumb Code     0  startup_stm32l476xx.o(.text)
    TSC_IRQHandler                           0x080001b7   Thumb Code     0  startup_stm32l476xx.o(.text)
    UART4_IRQHandler                         0x080001b7   Thumb Code     0  startup_stm32l476xx.o(.text)
    UART5_IRQHandler                         0x080001b7   Thumb Code     0  startup_stm32l476xx.o(.text)
    USART1_IRQHandler                        0x080001b7   Thumb Code     0  startup_stm32l476xx.o(.text)
    USART2_IRQHandler                        0x080001b7   Thumb Code     0  startup_stm32l476xx.o(.text)
    USART3_IRQHandler                        0x080001b7   Thumb Code     0  startup_stm32l476xx.o(.text)
    WWDG_IRQHandler                          0x080001b7   Thumb Code     0  startup_stm32l476xx.o(.text)
    __aeabi_uldivmod                         0x080001c1   Thumb Code    98  uldiv.o(.text)
    __aeabi_memset                           0x08000229   Thumb Code    14  memseta.o(.text)
    __aeabi_memset4                          0x08000229   Thumb Code     0  memseta.o(.text)
    __aeabi_memset8                          0x08000229   Thumb Code     0  memseta.o(.text)
    __aeabi_memclr                           0x08000237   Thumb Code     4  memseta.o(.text)
    __aeabi_memclr4                          0x08000237   Thumb Code     0  memseta.o(.text)
    __aeabi_memclr8                          0x08000237   Thumb Code     0  memseta.o(.text)
    _memset$wrapper                          0x0800023b   Thumb Code    18  memseta.o(.text)
    strlen                                   0x0800024d   Thumb Code    14  strlen.o(.text)
    __aeabi_dadd                             0x0800025b   Thumb Code   322  dadd.o(.text)
    __aeabi_dsub                             0x0800039d   Thumb Code     6  dadd.o(.text)
    __aeabi_drsub                            0x080003a3   Thumb Code     6  dadd.o(.text)
    __aeabi_dmul                             0x080003b9   Thumb Code   228  dmul.o(.text)
    __aeabi_ddiv                             0x080004a3   Thumb Code   222  ddiv.o(.text)
    __aeabi_f2d                              0x08000581   Thumb Code    38  f2d.o(.text)
    __aeabi_d2f                              0x080005a7   Thumb Code    56  d2f.o(.text)
    __aeabi_uidiv                            0x080005df   Thumb Code     0  uidiv.o(.text)
    __aeabi_uidivmod                         0x080005df   Thumb Code    44  uidiv.o(.text)
    __aeabi_llsl                             0x0800060b   Thumb Code    30  llshl.o(.text)
    _ll_shift_l                              0x0800060b   Thumb Code     0  llshl.o(.text)
    __aeabi_llsr                             0x08000629   Thumb Code    32  llushr.o(.text)
    _ll_ushift_r                             0x08000629   Thumb Code     0  llushr.o(.text)
    __aeabi_lasr                             0x08000649   Thumb Code    36  llsshr.o(.text)
    _ll_sshift_r                             0x08000649   Thumb Code     0  llsshr.o(.text)
    __I$use$fp                               0x0800066d   Thumb Code     0  iusefp.o(.text)
    _float_round                             0x0800066d   Thumb Code    18  fepilogue.o(.text)
    _float_epilogue                          0x0800067f   Thumb Code    92  fepilogue.o(.text)
    _double_round                            0x080006db   Thumb Code    30  depilogue.o(.text)
    _double_epilogue                         0x080006f9   Thumb Code   156  depilogue.o(.text)
    _drem                                    0x08000795   Thumb Code   134  drem.o(.text)
    __aeabi_d2ulz                            0x08000821   Thumb Code    48  dfixul.o(.text)
    __aeabi_cdrcmple                         0x08000851   Thumb Code    48  cdrcmple.o(.text)
    __scatterload                            0x08000881   Thumb Code    28  init.o(.text)
    __scatterload_rt2                        0x08000881   Thumb Code     0  init.o(.text)
    __decompress                             0x080008a5   Thumb Code     0  __dczerorl2.o(.text)
    __decompress1                            0x080008a5   Thumb Code    86  __dczerorl2.o(.text)
    MotionTL_Initialize                      0x080008fd   Thumb Code   104  motion_tl.o(.text.MotionTL_Initialize)
    MotionTL_SetCalValues                    0x08000965   Thumb Code   220  motion_tl.o(.text.MotionTL_SetCalValues)
    MotionTL_SetOrientation_Acc              0x08000a41   Thumb Code   280  motion_tl.o(.text.MotionTL_SetOrientation_Acc)
    BSP_COM_Init                             0x08000b59   Thumb Code   110  stm32l4xx_nucleo.o(i.BSP_COM_Init)
    BSP_GetTick                              0x08000bd5   Thumb Code     4  stm32l4xx_nucleo_bus.o(i.BSP_GetTick)
    BSP_I2C1_DeInit                          0x08000bd9   Thumb Code    52  stm32l4xx_nucleo_bus.o(i.BSP_I2C1_DeInit)
    BSP_I2C1_Init                            0x08000c1d   Thumb Code   126  stm32l4xx_nucleo_bus.o(i.BSP_I2C1_Init)
    BSP_I2C1_ReadReg                         0x08000cb1   Thumb Code    48  stm32l4xx_nucleo_bus.o(i.BSP_I2C1_ReadReg)
    BSP_I2C1_WriteReg                        0x08000ce5   Thumb Code    48  stm32l4xx_nucleo_bus.o(i.BSP_I2C1_WriteReg)
    BusFault_Handler                         0x08000d19   Thumb Code     2  stm32l4xx_it.o(i.BusFault_Handler)
    Calibration_6point                       0x08000d1d   Thumb Code   174  main.o(i.Calibration_6point)
    Calibration_MiniMax                      0x08000ee5   Thumb Code   298  main.o(i.Calibration_MiniMax)
    DebugMon_Handler                         0x08001069   Thumb Code     2  stm32l4xx_it.o(i.DebugMon_Handler)
    EXTI0_IRQHandler                         0x0800106d   Thumb Code     6  stm32l4xx_it.o(i.EXTI0_IRQHandler)
    EXTI15_10_IRQHandler                     0x08001079   Thumb Code    20  stm32l4xx_it.o(i.EXTI15_10_IRQHandler)
    EXTI1_IRQHandler                         0x08001091   Thumb Code     6  stm32l4xx_it.o(i.EXTI1_IRQHandler)
    EXTI4_IRQHandler                         0x08001097   Thumb Code     6  stm32l4xx_it.o(i.EXTI4_IRQHandler)
    EXTI9_5_IRQHandler                       0x0800109d   Thumb Code     6  stm32l4xx_it.o(i.EXTI9_5_IRQHandler)
    Error_Handler                            0x080010a5   Thumb Code     6  main.o(i.Error_Handler)
    GetMyData6Point                          0x080010b9   Thumb Code    54  main.o(i.GetMyData6Point)
    GetMyDataMiniMax                         0x08001105   Thumb Code    38  main.o(i.GetMyDataMiniMax)
    HAL_Delay                                0x0800112d   Thumb Code    32  stm32l4xx_hal.o(i.HAL_Delay)
    HAL_EXTI_GetHandle                       0x08001151   Thumb Code    12  stm32l4xx_hal_exti.o(i.HAL_EXTI_GetHandle)
    HAL_EXTI_IRQHandler                      0x0800115d   Thumb Code    38  stm32l4xx_hal_exti.o(i.HAL_EXTI_IRQHandler)
    HAL_EXTI_RegisterCallback                0x08001189   Thumb Code    14  stm32l4xx_hal_exti.o(i.HAL_EXTI_RegisterCallback)
    HAL_GPIO_DeInit                          0x08001199   Thumb Code   320  stm32l4xx_hal_gpio.o(i.HAL_GPIO_DeInit)
    HAL_GPIO_EXTI_Callback                   0x080012ff   Thumb Code     2  stm32l4xx_hal_gpio.o(i.HAL_GPIO_EXTI_Callback)
    HAL_GPIO_EXTI_IRQHandler                 0x08001301   Thumb Code    18  stm32l4xx_hal_gpio.o(i.HAL_GPIO_EXTI_IRQHandler)
    HAL_GPIO_Init                            0x08001319   Thumb Code   414  stm32l4xx_hal_gpio.o(i.HAL_GPIO_Init)
    HAL_GetTick                              0x080014e5   Thumb Code     6  stm32l4xx_hal.o(i.HAL_GetTick)
    HAL_I2CEx_ConfigAnalogFilter             0x080014f1   Thumb Code    86  stm32l4xx_hal_i2c_ex.o(i.HAL_I2CEx_ConfigAnalogFilter)
    HAL_I2CEx_ConfigDigitalFilter            0x08001547   Thumb Code    82  stm32l4xx_hal_i2c_ex.o(i.HAL_I2CEx_ConfigDigitalFilter)
    HAL_I2C_DeInit                           0x08001599   Thumb Code    50  stm32l4xx_hal_i2c.o(i.HAL_I2C_DeInit)
    HAL_I2C_GetError                         0x080015cb   Thumb Code     4  stm32l4xx_hal_i2c.o(i.HAL_I2C_GetError)
    HAL_I2C_GetState                         0x080015cf   Thumb Code     6  stm32l4xx_hal_i2c.o(i.HAL_I2C_GetState)
    HAL_I2C_Init                             0x080015d5   Thumb Code   178  stm32l4xx_hal_i2c.o(i.HAL_I2C_Init)
    HAL_I2C_Mem_Read                         0x0800168d   Thumb Code   346  stm32l4xx_hal_i2c.o(i.HAL_I2C_Mem_Read)
    HAL_I2C_Mem_Write                        0x080017f9   Thumb Code   340  stm32l4xx_hal_i2c.o(i.HAL_I2C_Mem_Write)
    HAL_I2C_MspDeInit                        0x08001957   Thumb Code     2  stm32l4xx_hal_i2c.o(i.HAL_I2C_MspDeInit)
    HAL_I2C_MspInit                          0x08001959   Thumb Code     2  stm32l4xx_hal_i2c.o(i.HAL_I2C_MspInit)
    HAL_IncTick                              0x0800195d   Thumb Code    12  stm32l4xx_hal.o(i.HAL_IncTick)
    HAL_Init                                 0x0800196d   Thumb Code    40  stm32l4xx_hal.o(i.HAL_Init)
    HAL_InitTick                             0x08001999   Thumb Code    58  stm32l4xx_hal.o(i.HAL_InitTick)
    HAL_MspInit                              0x080019dd   Thumb Code    38  stm32l4xx_hal_msp.o(i.HAL_MspInit)
    HAL_NVIC_EnableIRQ                       0x08001a09   Thumb Code    22  stm32l4xx_hal_cortex.o(i.HAL_NVIC_EnableIRQ)
    HAL_NVIC_SetPriority                     0x08001a21   Thumb Code    60  stm32l4xx_hal_cortex.o(i.HAL_NVIC_SetPriority)
    HAL_NVIC_SetPriorityGrouping             0x08001a61   Thumb Code    26  stm32l4xx_hal_cortex.o(i.HAL_NVIC_SetPriorityGrouping)
    HAL_PWREx_ControlVoltageScaling          0x08001a85   Thumb Code    90  stm32l4xx_hal_pwr_ex.o(i.HAL_PWREx_ControlVoltageScaling)
    HAL_PWREx_GetVoltageRange                0x08001aed   Thumb Code    10  stm32l4xx_hal_pwr_ex.o(i.HAL_PWREx_GetVoltageRange)
    HAL_RCCEx_PeriphCLKConfig                0x08001afd   Thumb Code   928  stm32l4xx_hal_rcc_ex.o(i.HAL_RCCEx_PeriphCLKConfig)
    HAL_RCC_ClockConfig                      0x08001ead   Thumb Code   266  stm32l4xx_hal_rcc.o(i.HAL_RCC_ClockConfig)
    HAL_RCC_GetPCLK1Freq                     0x08001fcd   Thumb Code    24  stm32l4xx_hal_rcc.o(i.HAL_RCC_GetPCLK1Freq)
    HAL_RCC_GetPCLK2Freq                     0x08001ff1   Thumb Code    24  stm32l4xx_hal_rcc.o(i.HAL_RCC_GetPCLK2Freq)
    HAL_RCC_GetSysClockFreq                  0x08002015   Thumb Code   150  stm32l4xx_hal_rcc.o(i.HAL_RCC_GetSysClockFreq)
    HAL_RCC_OscConfig                        0x080020b9   Thumb Code  1242  stm32l4xx_hal_rcc.o(i.HAL_RCC_OscConfig)
    HAL_SYSTICK_Config                       0x08002599   Thumb Code    40  stm32l4xx_hal_cortex.o(i.HAL_SYSTICK_Config)
    HAL_UART_Init                            0x080025c1   Thumb Code   102  stm32l4xx_hal_uart.o(i.HAL_UART_Init)
    HAL_UART_MspInit                         0x08002627   Thumb Code     2  stm32l4xx_hal_uart.o(i.HAL_UART_MspInit)
    HAL_UART_Receive                         0x08002629   Thumb Code   236  stm32l4xx_hal_uart.o(i.HAL_UART_Receive)
    HAL_UART_Transmit                        0x0800271b   Thumb Code   180  stm32l4xx_hal_uart.o(i.HAL_UART_Transmit)
    HardFault_Handler                        0x080027cf   Thumb Code     2  stm32l4xx_it.o(i.HardFault_Handler)
    IKS01A3_MOTION_SENSOR_GetAxes            0x08002a61   Thumb Code    72  iks01a3_motion_sensors.o(i.IKS01A3_MOTION_SENSOR_GetAxes)
    IKS01A3_MOTION_SENSOR_Init               0x08002ab1   Thumb Code   220  iks01a3_motion_sensors.o(i.IKS01A3_MOTION_SENSOR_Init)
    IKS01A3_MOTION_SENSOR_SetFullScale       0x08002b9d   Thumb Code    72  iks01a3_motion_sensors.o(i.IKS01A3_MOTION_SENSOR_SetFullScale)
    IKS01A3_MOTION_SENSOR_SetOutputDataRate  0x08002bed   Thumb Code    68  iks01a3_motion_sensors.o(i.IKS01A3_MOTION_SENSOR_SetOutputDataRate)
    LIS2DW12_ACC_Disable                     0x08002dd1   Thumb Code    38  lis2dw12.o(i.LIS2DW12_ACC_Disable)
    LIS2DW12_ACC_Enable                      0x08002df7   Thumb Code    50  lis2dw12.o(i.LIS2DW12_ACC_Enable)
    LIS2DW12_ACC_GetAxes                     0x08002e29   Thumb Code   124  lis2dw12.o(i.LIS2DW12_ACC_GetAxes)
    LIS2DW12_ACC_GetAxesRaw                  0x08002ea9   Thumb Code   170  lis2dw12.o(i.LIS2DW12_ACC_GetAxesRaw)
    LIS2DW12_ACC_GetFullScale                0x08002f53   Thumb Code    66  lis2dw12.o(i.LIS2DW12_ACC_GetFullScale)
    LIS2DW12_ACC_GetOutputDataRate           0x08002f95   Thumb Code   332  lis2dw12.o(i.LIS2DW12_ACC_GetOutputDataRate)
    LIS2DW12_ACC_GetSensitivity              0x08003101   Thumb Code   178  lis2dw12.o(i.LIS2DW12_ACC_GetSensitivity)
    LIS2DW12_ACC_SetFullScale                0x080031cd   Thumb Code    44  lis2dw12.o(i.LIS2DW12_ACC_SetFullScale)
    LIS2DW12_ACC_SetOutputDataRate           0x080031f9   Thumb Code     8  lis2dw12.o(i.LIS2DW12_ACC_SetOutputDataRate)
    LIS2DW12_ACC_SetOutputDataRate_With_Mode 0x08003429   Thumb Code    16  lis2dw12.o(i.LIS2DW12_ACC_SetOutputDataRate_With_Mode)
    LIS2DW12_DeInit                          0x08003439   Thumb Code    40  lis2dw12.o(i.LIS2DW12_DeInit)
    LIS2DW12_FIFO_Set_Mode                   0x08003465   Thumb Code    40  lis2dw12.o(i.LIS2DW12_FIFO_Set_Mode)
    LIS2DW12_GetCapabilities                 0x0800348d   Thumb Code    42  lis2dw12.o(i.LIS2DW12_GetCapabilities)
    LIS2DW12_Init                            0x080034c1   Thumb Code   102  lis2dw12.o(i.LIS2DW12_Init)
    LIS2DW12_ReadID                          0x0800352d   Thumb Code    18  lis2dw12.o(i.LIS2DW12_ReadID)
    LIS2DW12_RegisterBusIO                   0x080036b9   Thumb Code    88  lis2dw12.o(i.LIS2DW12_RegisterBusIO)
    LIS2DW12_Write_Reg                       0x08003719   Thumb Code    22  lis2dw12.o(i.LIS2DW12_Write_Reg)
    LIS2MDL_DeInit                           0x080037f9   Thumb Code    24  lis2mdl.o(i.LIS2MDL_DeInit)
    LIS2MDL_GetCapabilities                  0x08003811   Thumb Code    44  lis2mdl.o(i.LIS2MDL_GetCapabilities)
    LIS2MDL_Init                             0x08003845   Thumb Code    64  lis2mdl.o(i.LIS2MDL_Init)
    LIS2MDL_MAG_Disable                      0x08003885   Thumb Code    38  lis2mdl.o(i.LIS2MDL_MAG_Disable)
    LIS2MDL_MAG_Enable                       0x080038ab   Thumb Code    42  lis2mdl.o(i.LIS2MDL_MAG_Enable)
    LIS2MDL_MAG_GetAxes                      0x080038d5   Thumb Code   100  lis2mdl.o(i.LIS2MDL_MAG_GetAxes)
    LIS2MDL_MAG_GetAxesRaw                   0x08003939   Thumb Code    42  lis2mdl.o(i.LIS2MDL_MAG_GetAxesRaw)
    LIS2MDL_MAG_GetFullScale                 0x08003963   Thumb Code     8  lis2mdl.o(i.LIS2MDL_MAG_GetFullScale)
    LIS2MDL_MAG_GetOutputDataRate            0x0800396d   Thumb Code    74  lis2mdl.o(i.LIS2MDL_MAG_GetOutputDataRate)
    LIS2MDL_MAG_GetSensitivity               0x080039c1   Thumb Code    12  lis2mdl.o(i.LIS2MDL_MAG_GetSensitivity)
    LIS2MDL_MAG_SetFullScale                 0x080039cd   Thumb Code     4  lis2mdl.o(i.LIS2MDL_MAG_SetFullScale)
    LIS2MDL_MAG_SetOutputDataRate            0x080039d1   Thumb Code    62  lis2mdl.o(i.LIS2MDL_MAG_SetOutputDataRate)
    LIS2MDL_ReadID                           0x08003a1d   Thumb Code    18  lis2mdl.o(i.LIS2MDL_ReadID)
    LIS2MDL_RegisterBusIO                    0x08003a31   Thumb Code   108  lis2mdl.o(i.LIS2MDL_RegisterBusIO)
    LIS2MDL_Write_Reg                        0x08003aa5   Thumb Code    22  lis2mdl.o(i.LIS2MDL_Write_Reg)
    LSM6DSO_ACC_Disable                      0x08003bb9   Thumb Code    54  lsm6dso.o(i.LSM6DSO_ACC_Disable)
    LSM6DSO_ACC_Enable                       0x08003bef   Thumb Code    44  lsm6dso.o(i.LSM6DSO_ACC_Enable)
    LSM6DSO_ACC_GetAxes                      0x08003c1d   Thumb Code   126  lsm6dso.o(i.LSM6DSO_ACC_GetAxes)
    LSM6DSO_ACC_GetAxesRaw                   0x08003ca1   Thumb Code    42  lsm6dso.o(i.LSM6DSO_ACC_GetAxesRaw)
    LSM6DSO_ACC_GetFullScale                 0x08003ccb   Thumb Code    64  lsm6dso.o(i.LSM6DSO_ACC_GetFullScale)
    LSM6DSO_ACC_GetOutputDataRate            0x08003d0d   Thumb Code   128  lsm6dso.o(i.LSM6DSO_ACC_GetOutputDataRate)
    LSM6DSO_ACC_GetSensitivity               0x08003db1   Thumb Code    74  lsm6dso.o(i.LSM6DSO_ACC_GetSensitivity)
    LSM6DSO_ACC_SetFullScale                 0x08003e0d   Thumb Code    44  lsm6dso.o(i.LSM6DSO_ACC_SetFullScale)
    LSM6DSO_ACC_SetOutputDataRate            0x08003e39   Thumb Code    16  lsm6dso.o(i.LSM6DSO_ACC_SetOutputDataRate)
    LSM6DSO_DeInit                           0x08003fad   Thumb Code    42  lsm6dso.o(i.LSM6DSO_DeInit)
    LSM6DSO_GYRO_Disable                     0x08003fd7   Thumb Code    54  lsm6dso.o(i.LSM6DSO_GYRO_Disable)
    LSM6DSO_GYRO_Enable                      0x0800400d   Thumb Code    44  lsm6dso.o(i.LSM6DSO_GYRO_Enable)
    LSM6DSO_GYRO_GetAxes                     0x08004039   Thumb Code   118  lsm6dso.o(i.LSM6DSO_GYRO_GetAxes)
    LSM6DSO_GYRO_GetAxesRaw                  0x080040af   Thumb Code    42  lsm6dso.o(i.LSM6DSO_GYRO_GetAxesRaw)
    LSM6DSO_GYRO_GetFullScale                0x080040d9   Thumb Code    76  lsm6dso.o(i.LSM6DSO_GYRO_GetFullScale)
    LSM6DSO_GYRO_GetOutputDataRate           0x08004125   Thumb Code   122  lsm6dso.o(i.LSM6DSO_GYRO_GetOutputDataRate)
    LSM6DSO_GYRO_GetSensitivity              0x080041c5   Thumb Code    82  lsm6dso.o(i.LSM6DSO_GYRO_GetSensitivity)
    LSM6DSO_GYRO_SetFullScale                0x0800422d   Thumb Code    56  lsm6dso.o(i.LSM6DSO_GYRO_SetFullScale)
    LSM6DSO_GYRO_SetOutputDataRate           0x08004265   Thumb Code    16  lsm6dso.o(i.LSM6DSO_GYRO_SetOutputDataRate)
    LSM6DSO_GetCapabilities                  0x080043d9   Thumb Code    46  lsm6dso.o(i.LSM6DSO_GetCapabilities)
    LSM6DSO_Init                             0x08004411   Thumb Code   118  lsm6dso.o(i.LSM6DSO_Init)
    LSM6DSO_ReadID                           0x08004487   Thumb Code    18  lsm6dso.o(i.LSM6DSO_ReadID)
    LSM6DSO_RegisterBusIO                    0x08004499   Thumb Code    88  lsm6dso.o(i.LSM6DSO_RegisterBusIO)
    LSM6DSO_Write_Reg                        0x080044f9   Thumb Code    22  lsm6dso.o(i.LSM6DSO_Write_Reg)
    MX_I2C1_Init                             0x08004511   Thumb Code    68  stm32l4xx_nucleo_bus.o(i.MX_I2C1_Init)
    MX_USART2_UART_Init                      0x08004601   Thumb Code    36  main.o(i.MX_USART2_UART_Init)
    MemManage_Handler                        0x0800462d   Thumb Code     2  stm32l4xx_it.o(i.MemManage_Handler)
    MotionTL_manager_init                    0x0800462f   Thumb Code    42  motiontl_manager.o(i.MotionTL_manager_init)
    NMI_Handler                              0x08004659   Thumb Code     2  stm32l4xx_it.o(i.NMI_Handler)
    NoCalibration_6point                     0x0800467d   Thumb Code    52  main.o(i.NoCalibration_6point)
    NoCalibration_MiniMax                    0x080046cd   Thumb Code   156  main.o(i.NoCalibration_MiniMax)
    PendSV_Handler                           0x08004799   Thumb Code     2  stm32l4xx_it.o(i.PendSV_Handler)
    SVC_Handler                              0x08004a85   Thumb Code     2  stm32l4xx_it.o(i.SVC_Handler)
    SysTick_Handler                          0x08004a87   Thumb Code     4  stm32l4xx_it.o(i.SysTick_Handler)
    SystemClock_Config                       0x08004a8d   Thumb Code   150  main.o(i.SystemClock_Config)
    SystemInit                               0x08004b29   Thumb Code    56  system_stm32l4xx.o(i.SystemInit)
    UART_AdvFeatureConfig                    0x08004b6d   Thumb Code   200  stm32l4xx_hal_uart.o(i.UART_AdvFeatureConfig)
    UART_CheckIdleState                      0x08004c35   Thumb Code    88  stm32l4xx_hal_uart.o(i.UART_CheckIdleState)
    UART_SetConfig                           0x08004c8d   Thumb Code   622  stm32l4xx_hal_uart.o(i.UART_SetConfig)
    UART_WaitOnFlagUntilTimeout              0x08004f2d   Thumb Code    96  stm32l4xx_hal_uart.o(i.UART_WaitOnFlagUntilTimeout)
    UsageFault_Handler                       0x08004f8d   Thumb Code     2  stm32l4xx_it.o(i.UsageFault_Handler)
    __0printf                                0x08004fc9   Thumb Code    22  printfa.o(i.__0printf)
    __1printf                                0x08004fc9   Thumb Code     0  printfa.o(i.__0printf)
    __2printf                                0x08004fc9   Thumb Code     0  printfa.o(i.__0printf)
    __c89printf                              0x08004fc9   Thumb Code     0  printfa.o(i.__0printf)
    printf                                   0x08004fc9   Thumb Code     0  printfa.o(i.__0printf)
    __ARM_fpclassify                         0x08004fe9   Thumb Code    48  fpclassify.o(i.__ARM_fpclassify)
    __hardfp_atan                            0x08005019   Thumb Code   622  atan.o(i.__hardfp_atan)
    __hardfp_atan2                           0x080052f1   Thumb Code   432  atan2.o(i.__hardfp_atan2)
    __hardfp_fmod                            0x080054e1   Thumb Code   254  fmod.o(i.__hardfp_fmod)
    __kernel_poly                            0x080055e5   Thumb Code   248  poly.o(i.__kernel_poly)
    __mathlib_dbl_infnan                     0x080056dd   Thumb Code    20  dunder.o(i.__mathlib_dbl_infnan)
    __mathlib_dbl_infnan2                    0x080056f1   Thumb Code    20  dunder.o(i.__mathlib_dbl_infnan2)
    __mathlib_dbl_invalid                    0x08005709   Thumb Code    24  dunder.o(i.__mathlib_dbl_invalid)
    __mathlib_dbl_underflow                  0x08005729   Thumb Code    24  dunder.o(i.__mathlib_dbl_underflow)
    __scatterload_copy                       0x08005749   Thumb Code    14  handlers.o(i.__scatterload_copy)
    __scatterload_null                       0x08005757   Thumb Code     2  handlers.o(i.__scatterload_null)
    __scatterload_zeroinit                   0x08005759   Thumb Code    14  handlers.o(i.__scatterload_zeroinit)
    __set_errno                              0x08005769   Thumb Code     6  errno.o(i.__set_errno)
    atan                                     0x08006035   Thumb Code    16  atan.o(i.atan)
    fabs                                     0x08006045   Thumb Code    24  fabs.o(i.fabs)
    fputc                                    0x0800605d   Thumb Code    28  stm32l4xx_nucleo.o(i.fputc)
    getUserInput                             0x08006081   Thumb Code   102  main.o(i.getUserInput)
    initLIS2DW12                             0x0800610d   Thumb Code    56  main.o(i.initLIS2DW12)
    lis2dw12_acceleration_raw_get            0x0800615d   Thumb Code    10  lis2dw12_reg.o(i.lis2dw12_acceleration_raw_get)
    lis2dw12_auto_increment_set              0x08006167   Thumb Code    46  lis2dw12_reg.o(i.lis2dw12_auto_increment_set)
    lis2dw12_block_data_update_set           0x08006195   Thumb Code    46  lis2dw12_reg.o(i.lis2dw12_block_data_update_set)
    lis2dw12_data_rate_get                   0x080061c3   Thumb Code   120  lis2dw12_reg.o(i.lis2dw12_data_rate_get)
    lis2dw12_data_rate_set                   0x0800623b   Thumb Code    92  lis2dw12_reg.o(i.lis2dw12_data_rate_set)
    lis2dw12_device_id_get                   0x08006297   Thumb Code    10  lis2dw12_reg.o(i.lis2dw12_device_id_get)
    lis2dw12_fifo_data_level_get             0x080062a1   Thumb Code    26  lis2dw12_reg.o(i.lis2dw12_fifo_data_level_get)
    lis2dw12_fifo_mode_set                   0x080062bb   Thumb Code    46  lis2dw12_reg.o(i.lis2dw12_fifo_mode_set)
    lis2dw12_fifo_watermark_set              0x080062e9   Thumb Code    46  lis2dw12_reg.o(i.lis2dw12_fifo_watermark_set)
    lis2dw12_fifo_wtm_flag_get               0x08006317   Thumb Code    24  lis2dw12_reg.o(i.lis2dw12_fifo_wtm_flag_get)
    lis2dw12_full_scale_get                  0x0800632f   Thumb Code    54  lis2dw12_reg.o(i.lis2dw12_full_scale_get)
    lis2dw12_full_scale_set                  0x08006365   Thumb Code    46  lis2dw12_reg.o(i.lis2dw12_full_scale_set)
    lis2dw12_power_mode_get                  0x08006393   Thumb Code   170  lis2dw12_reg.o(i.lis2dw12_power_mode_get)
    lis2dw12_power_mode_set                  0x0800643d   Thumb Code    98  lis2dw12_reg.o(i.lis2dw12_power_mode_set)
    lis2dw12_read_reg                        0x0800649f   Thumb Code    14  lis2dw12_reg.o(i.lis2dw12_read_reg)
    lis2dw12_write_reg                       0x080064ad   Thumb Code    14  lis2dw12_reg.o(i.lis2dw12_write_reg)
    lis2mdl_block_data_update_set            0x080064bb   Thumb Code    46  lis2mdl_reg.o(i.lis2mdl_block_data_update_set)
    lis2mdl_data_rate_get                    0x080064e9   Thumb Code    54  lis2mdl_reg.o(i.lis2mdl_data_rate_get)
    lis2mdl_data_rate_set                    0x0800651f   Thumb Code    46  lis2mdl_reg.o(i.lis2mdl_data_rate_set)
    lis2mdl_device_id_get                    0x0800654d   Thumb Code    10  lis2mdl_reg.o(i.lis2mdl_device_id_get)
    lis2mdl_i2c_interface_set                0x08006557   Thumb Code    46  lis2mdl_reg.o(i.lis2mdl_i2c_interface_set)
    lis2mdl_magnetic_raw_get                 0x08006585   Thumb Code    10  lis2mdl_reg.o(i.lis2mdl_magnetic_raw_get)
    lis2mdl_operating_mode_set               0x0800658f   Thumb Code    46  lis2mdl_reg.o(i.lis2mdl_operating_mode_set)
    lis2mdl_read_reg                         0x080065bd   Thumb Code    14  lis2mdl_reg.o(i.lis2mdl_read_reg)
    lis2mdl_self_test_set                    0x080065cb   Thumb Code    46  lis2mdl_reg.o(i.lis2mdl_self_test_set)
    lis2mdl_write_reg                        0x080065f9   Thumb Code    14  lis2mdl_reg.o(i.lis2mdl_write_reg)
    lsm6dso_acceleration_raw_get             0x08006607   Thumb Code    10  lsm6dso_reg.o(i.lsm6dso_acceleration_raw_get)
    lsm6dso_angular_rate_raw_get             0x08006611   Thumb Code    10  lsm6dso_reg.o(i.lsm6dso_angular_rate_raw_get)
    lsm6dso_auto_increment_set               0x0800661b   Thumb Code    46  lsm6dso_reg.o(i.lsm6dso_auto_increment_set)
    lsm6dso_block_data_update_set            0x08006649   Thumb Code    46  lsm6dso_reg.o(i.lsm6dso_block_data_update_set)
    lsm6dso_device_id_get                    0x08006677   Thumb Code    10  lsm6dso_reg.o(i.lsm6dso_device_id_get)
    lsm6dso_fifo_mode_set                    0x08006681   Thumb Code    46  lsm6dso_reg.o(i.lsm6dso_fifo_mode_set)
    lsm6dso_gy_data_rate_get                 0x080066af   Thumb Code    84  lsm6dso_reg.o(i.lsm6dso_gy_data_rate_get)
    lsm6dso_gy_data_rate_set                 0x08006703   Thumb Code    46  lsm6dso_reg.o(i.lsm6dso_gy_data_rate_set)
    lsm6dso_gy_full_scale_get                0x08006731   Thumb Code    58  lsm6dso_reg.o(i.lsm6dso_gy_full_scale_get)
    lsm6dso_gy_full_scale_set                0x0800676b   Thumb Code    46  lsm6dso_reg.o(i.lsm6dso_gy_full_scale_set)
    lsm6dso_i3c_disable_set                  0x08006799   Thumb Code    92  lsm6dso_reg.o(i.lsm6dso_i3c_disable_set)
    lsm6dso_read_reg                         0x080067f5   Thumb Code    14  lsm6dso_reg.o(i.lsm6dso_read_reg)
    lsm6dso_write_reg                        0x08006803   Thumb Code    14  lsm6dso_reg.o(i.lsm6dso_write_reg)
    lsm6dso_xl_data_rate_get                 0x08006811   Thumb Code    88  lsm6dso_reg.o(i.lsm6dso_xl_data_rate_get)
    lsm6dso_xl_data_rate_set                 0x08006869   Thumb Code    46  lsm6dso_reg.o(i.lsm6dso_xl_data_rate_set)
    lsm6dso_xl_full_scale_get                0x08006897   Thumb Code    54  lsm6dso_reg.o(i.lsm6dso_xl_full_scale_get)
    lsm6dso_xl_full_scale_set                0x080068cd   Thumb Code    46  lsm6dso_reg.o(i.lsm6dso_xl_full_scale_set)
    main                                     0x080068fd   Thumb Code   102  main.o(i.main)
    set_mems_int_pin_a_exti                  0x080069d1   Thumb Code    42  app_mems_int_pin_a_interface.o(i.set_mems_int_pin_a_exti)
    AHBPrescTable                            0x08006a04   Data          16  system_stm32l4xx.o(.constdata)
    MSIRangeTable                            0x08006a14   Data          48  system_stm32l4xx.o(.constdata)
    APBPrescTable                            0x08006a44   Data           8  system_stm32l4xx.o(.constdata)
    __mathlib_zero                           0x08006ae8   Data           8  qnan.o(.constdata)
    Region$$Table$$Base                      0x08006af0   Number         0  anon$$obj.o(Region$$Table)
    Region$$Table$$Limit                     0x08006b10   Number         0  anon$$obj.o(Region$$Table)
    SensorsEnabled                           0x20000004   Data           4  main.o(.data)
    ret                                      0x20000008   Data           4  main.o(.data)
    MemsEventDetected                        0x2000000c   Data           1  main.o(.data)
    COM_USART                                0x20000020   Data           4  stm32l4xx_nucleo.o(.data)
    hpb_exti                                 0x20000024   Data           8  stm32l4xx_nucleo.o(.data)
    hexti0                                   0x2000002c   Data           8  app_mems_int_pin_a_interface.o(.data)
    LSM6DSO_COMMON_Driver                    0x20000034   Data          16  lsm6dso.o(.data)
    LSM6DSO_ACC_Driver                       0x20000044   Data          36  lsm6dso.o(.data)
    LSM6DSO_GYRO_Driver                      0x20000068   Data          36  lsm6dso.o(.data)
    LIS2DW12_COMMON_Driver                   0x2000008c   Data          16  lis2dw12.o(.data)
    LIS2DW12_ACC_Driver                      0x2000009c   Data          36  lis2dw12.o(.data)
    LIS2MDL_COMMON_Driver                    0x200000c0   Data          16  lis2mdl.o(.data)
    LIS2MDL_MAG_Driver                       0x200000d0   Data          36  lis2mdl.o(.data)
    uwTickPrio                               0x20000108   Data           4  stm32l4xx_hal.o(.data)
    uwTickFreq                               0x2000010c   Data           4  stm32l4xx_hal.o(.data)
    uwTick                                   0x20000110   Data           4  stm32l4xx_hal.o(.data)
    SystemCoreClock                          0x20000114   Data           4  system_stm32l4xx.o(.data)
    __stdout                                 0x20000128   Data           4  stdout.o(.data)
    Parameters                               0x20000164   Data          24  main.o(.bss)
    hi2c1                                    0x2000017c   Data          76  stm32l4xx_nucleo_bus.o(.bss)
    hcom_uart                                0x200001c8   Data         128  stm32l4xx_nucleo.o(.bss)
    MotionCompObj                            0x200002d8   Data          12  iks01a3_motion_sensors.o(.bss)
    __initial_sp                             0x20000760   Data           0  startup_stm32l476xx.o(STACK)



==============================================================================

Memory Map of the image

  Image Entry point : 0x08000189

  Load Region LR_IROM1 (Base: 0x08000000, Size: 0x00006c40, Max: 0x00100000, ABSOLUTE, COMPRESSED[0x00006bd4])

    Execution Region ER_IROM1 (Exec base: 0x08000000, Load base: 0x08000000, Size: 0x00006b10, Max: 0x00100000, ABSOLUTE)

    Exec Addr    Load Addr    Size         Type   Attr      Idx    E Section Name        Object

    0x08000000   0x08000000   0x00000188   Data   RO            3    RESET               startup_stm32l476xx.o
    0x08000188   0x08000188   0x00000000   Code   RO         9529  * .ARM.Collect$$$$00000000  mc_w.l(entry.o)
    0x08000188   0x08000188   0x00000004   Code   RO         9839    .ARM.Collect$$$$00000001  mc_w.l(entry2.o)
    0x0800018c   0x0800018c   0x00000004   Code   RO         9842    .ARM.Collect$$$$00000004  mc_w.l(entry5.o)
    0x08000190   0x08000190   0x00000000   Code   RO         9844    .ARM.Collect$$$$00000008  mc_w.l(entry7b.o)
    0x08000190   0x08000190   0x00000000   Code   RO         9846    .ARM.Collect$$$$0000000A  mc_w.l(entry8b.o)
    0x08000190   0x08000190   0x00000008   Code   RO         9847    .ARM.Collect$$$$0000000B  mc_w.l(entry9a.o)
    0x08000198   0x08000198   0x00000000   Code   RO         9849    .ARM.Collect$$$$0000000D  mc_w.l(entry10a.o)
    0x08000198   0x08000198   0x00000000   Code   RO         9851    .ARM.Collect$$$$0000000F  mc_w.l(entry11a.o)
    0x08000198   0x08000198   0x00000004   Code   RO         9840    .ARM.Collect$$$$00002712  mc_w.l(entry2.o)
    0x0800019c   0x0800019c   0x00000024   Code   RO            4    .text               startup_stm32l476xx.o
    0x080001c0   0x080001c0   0x00000068   Code   RO         9537    .text               mc_w.l(uldiv.o)
    0x08000228   0x08000228   0x00000024   Code   RO         9539    .text               mc_w.l(memseta.o)
    0x0800024c   0x0800024c   0x0000000e   Code   RO         9541    .text               mc_w.l(strlen.o)
    0x0800025a   0x0800025a   0x0000015e   Code   RO         9804    .text               mf_w.l(dadd.o)
    0x080003b8   0x080003b8   0x000000ea   Code   RO         9806    .text               mf_w.l(dmul.o)
    0x080004a2   0x080004a2   0x000000de   Code   RO         9808    .text               mf_w.l(ddiv.o)
    0x08000580   0x08000580   0x00000026   Code   RO         9810    .text               mf_w.l(f2d.o)
    0x080005a6   0x080005a6   0x00000038   Code   RO         9812    .text               mf_w.l(d2f.o)
    0x080005de   0x080005de   0x0000002c   Code   RO         9854    .text               mc_w.l(uidiv.o)
    0x0800060a   0x0800060a   0x0000001e   Code   RO         9856    .text               mc_w.l(llshl.o)
    0x08000628   0x08000628   0x00000020   Code   RO         9858    .text               mc_w.l(llushr.o)
    0x08000648   0x08000648   0x00000024   Code   RO         9860    .text               mc_w.l(llsshr.o)
    0x0800066c   0x0800066c   0x00000000   Code   RO         9869    .text               mc_w.l(iusefp.o)
    0x0800066c   0x0800066c   0x0000006e   Code   RO         9870    .text               mf_w.l(fepilogue.o)
    0x080006da   0x080006da   0x000000ba   Code   RO         9872    .text               mf_w.l(depilogue.o)
    0x08000794   0x08000794   0x0000008c   Code   RO         9878    .text               mf_w.l(drem.o)
    0x08000820   0x08000820   0x00000030   Code   RO         9880    .text               mf_w.l(dfixul.o)
    0x08000850   0x08000850   0x00000030   Code   RO         9884    .text               mf_w.l(cdrcmple.o)
    0x08000880   0x08000880   0x00000024   Code   RO         9886    .text               mc_w.l(init.o)
    0x080008a4   0x080008a4   0x00000056   Code   RO         9897    .text               mc_w.l(__dczerorl2.o)
    0x080008fa   0x080008fa   0x00000002   PAD
    0x080008fc   0x080008fc   0x00000068   Code   RO         9442    .text.MotionTL_Initialize  MotionTL_CM4F_wc16_ot.a(motion_tl.o)
    0x08000964   0x08000964   0x000000dc   Code   RO         9449    .text.MotionTL_SetCalValues  MotionTL_CM4F_wc16_ot.a(motion_tl.o)
    0x08000a40   0x08000a40   0x00000118   Code   RO         9443    .text.MotionTL_SetOrientation_Acc  MotionTL_CM4F_wc16_ot.a(motion_tl.o)
    0x08000b58   0x08000b58   0x0000007c   Code   RO          416    i.BSP_COM_Init      stm32l4xx_nucleo.o
    0x08000bd4   0x08000bd4   0x00000004   Code   RO          324    i.BSP_GetTick       stm32l4xx_nucleo_bus.o
    0x08000bd8   0x08000bd8   0x00000044   Code   RO          325    i.BSP_I2C1_DeInit   stm32l4xx_nucleo_bus.o
    0x08000c1c   0x08000c1c   0x00000094   Code   RO          326    i.BSP_I2C1_Init     stm32l4xx_nucleo_bus.o
    0x08000cb0   0x08000cb0   0x00000034   Code   RO          328    i.BSP_I2C1_ReadReg  stm32l4xx_nucleo_bus.o
    0x08000ce4   0x08000ce4   0x00000034   Code   RO          332    i.BSP_I2C1_WriteReg  stm32l4xx_nucleo_bus.o
    0x08000d18   0x08000d18   0x00000002   Code   RO          629    i.BusFault_Handler  stm32l4xx_it.o
    0x08000d1a   0x08000d1a   0x00000002   PAD
    0x08000d1c   0x08000d1c   0x000001c8   Code   RO           13    i.Calibration_6point  main.o
    0x08000ee4   0x08000ee4   0x00000184   Code   RO           14    i.Calibration_MiniMax  main.o
    0x08001068   0x08001068   0x00000002   Code   RO          630    i.DebugMon_Handler  stm32l4xx_it.o
    0x0800106a   0x0800106a   0x00000002   PAD
    0x0800106c   0x0800106c   0x0000000c   Code   RO          631    i.EXTI0_IRQHandler  stm32l4xx_it.o
    0x08001078   0x08001078   0x00000018   Code   RO          632    i.EXTI15_10_IRQHandler  stm32l4xx_it.o
    0x08001090   0x08001090   0x00000006   Code   RO          633    i.EXTI1_IRQHandler  stm32l4xx_it.o
    0x08001096   0x08001096   0x00000006   Code   RO          634    i.EXTI4_IRQHandler  stm32l4xx_it.o
    0x0800109c   0x0800109c   0x00000006   Code   RO          635    i.EXTI9_5_IRQHandler  stm32l4xx_it.o
    0x080010a2   0x080010a2   0x00000002   PAD
    0x080010a4   0x080010a4   0x00000014   Code   RO           16    i.Error_Handler     main.o
    0x080010b8   0x080010b8   0x0000004c   Code   RO           17    i.GetMyData6Point   main.o
    0x08001104   0x08001104   0x00000026   Code   RO           18    i.GetMyDataMiniMax  main.o
    0x0800112a   0x0800112a   0x00000002   PAD
    0x0800112c   0x0800112c   0x00000024   Code   RO         7917    i.HAL_Delay         stm32l4xx_hal.o
    0x08001150   0x08001150   0x0000000c   Code   RO         9282    i.HAL_EXTI_GetHandle  stm32l4xx_hal_exti.o
    0x0800115c   0x0800115c   0x0000002c   Code   RO         9284    i.HAL_EXTI_IRQHandler  stm32l4xx_hal_exti.o
    0x08001188   0x08001188   0x0000000e   Code   RO         9285    i.HAL_EXTI_RegisterCallback  stm32l4xx_hal_exti.o
    0x08001196   0x08001196   0x00000002   PAD
    0x08001198   0x08001198   0x00000166   Code   RO         8604    i.HAL_GPIO_DeInit   stm32l4xx_hal_gpio.o
    0x080012fe   0x080012fe   0x00000002   Code   RO         8605    i.HAL_GPIO_EXTI_Callback  stm32l4xx_hal_gpio.o
    0x08001300   0x08001300   0x00000018   Code   RO         8606    i.HAL_GPIO_EXTI_IRQHandler  stm32l4xx_hal_gpio.o
    0x08001318   0x08001318   0x000001ca   Code   RO         8607    i.HAL_GPIO_Init     stm32l4xx_hal_gpio.o
    0x080014e2   0x080014e2   0x00000002   PAD
    0x080014e4   0x080014e4   0x0000000c   Code   RO         7921    i.HAL_GetTick       stm32l4xx_hal.o
    0x080014f0   0x080014f0   0x00000056   Code   RO         7398    i.HAL_I2CEx_ConfigAnalogFilter  stm32l4xx_hal_i2c_ex.o
    0x08001546   0x08001546   0x00000052   Code   RO         7399    i.HAL_I2CEx_ConfigDigitalFilter  stm32l4xx_hal_i2c_ex.o
    0x08001598   0x08001598   0x00000032   Code   RO         6943    i.HAL_I2C_DeInit    stm32l4xx_hal_i2c.o
    0x080015ca   0x080015ca   0x00000004   Code   RO         6949    i.HAL_I2C_GetError  stm32l4xx_hal_i2c.o
    0x080015ce   0x080015ce   0x00000006   Code   RO         6951    i.HAL_I2C_GetState  stm32l4xx_hal_i2c.o
    0x080015d4   0x080015d4   0x000000b8   Code   RO         6952    i.HAL_I2C_Init      stm32l4xx_hal_i2c.o
    0x0800168c   0x0800168c   0x0000016a   Code   RO         6970    i.HAL_I2C_Mem_Read  stm32l4xx_hal_i2c.o
    0x080017f6   0x080017f6   0x00000002   PAD
    0x080017f8   0x080017f8   0x0000015e   Code   RO         6973    i.HAL_I2C_Mem_Write  stm32l4xx_hal_i2c.o
    0x08001956   0x08001956   0x00000002   Code   RO         6976    i.HAL_I2C_MspDeInit  stm32l4xx_hal_i2c.o
    0x08001958   0x08001958   0x00000002   Code   RO         6977    i.HAL_I2C_MspInit   stm32l4xx_hal_i2c.o
    0x0800195a   0x0800195a   0x00000002   PAD
    0x0800195c   0x0800195c   0x00000010   Code   RO         7927    i.HAL_IncTick       stm32l4xx_hal.o
    0x0800196c   0x0800196c   0x0000002c   Code   RO         7928    i.HAL_Init          stm32l4xx_hal.o
    0x08001998   0x08001998   0x00000044   Code   RO         7929    i.HAL_InitTick      stm32l4xx_hal.o
    0x080019dc   0x080019dc   0x0000002c   Code   RO          734    i.HAL_MspInit       stm32l4xx_hal_msp.o
    0x08001a08   0x08001a08   0x00000016   Code   RO         9148    i.HAL_NVIC_EnableIRQ  stm32l4xx_hal_cortex.o
    0x08001a1e   0x08001a1e   0x00000002   PAD
    0x08001a20   0x08001a20   0x00000040   Code   RO         9154    i.HAL_NVIC_SetPriority  stm32l4xx_hal_cortex.o
    0x08001a60   0x08001a60   0x00000024   Code   RO         9155    i.HAL_NVIC_SetPriorityGrouping  stm32l4xx_hal_cortex.o
    0x08001a84   0x08001a84   0x00000068   Code   RO         8898    i.HAL_PWREx_ControlVoltageScaling  stm32l4xx_hal_pwr_ex.o
    0x08001aec   0x08001aec   0x00000010   Code   RO         8929    i.HAL_PWREx_GetVoltageRange  stm32l4xx_hal_pwr_ex.o
    0x08001afc   0x08001afc   0x000003ae   Code   RO         8260    i.HAL_RCCEx_PeriphCLKConfig  stm32l4xx_hal_rcc_ex.o
    0x08001eaa   0x08001eaa   0x00000002   PAD
    0x08001eac   0x08001eac   0x00000120   Code   RO         8145    i.HAL_RCC_ClockConfig  stm32l4xx_hal_rcc.o
    0x08001fcc   0x08001fcc   0x00000024   Code   RO         8151    i.HAL_RCC_GetPCLK1Freq  stm32l4xx_hal_rcc.o
    0x08001ff0   0x08001ff0   0x00000024   Code   RO         8152    i.HAL_RCC_GetPCLK2Freq  stm32l4xx_hal_rcc.o
    0x08002014   0x08002014   0x000000a4   Code   RO         8153    i.HAL_RCC_GetSysClockFreq  stm32l4xx_hal_rcc.o
    0x080020b8   0x080020b8   0x000004e0   Code   RO         8156    i.HAL_RCC_OscConfig  stm32l4xx_hal_rcc.o
    0x08002598   0x08002598   0x00000028   Code   RO         9159    i.HAL_SYSTICK_Config  stm32l4xx_hal_cortex.o
    0x080025c0   0x080025c0   0x00000066   Code   RO         7478    i.HAL_UART_Init     stm32l4xx_hal_uart.o
    0x08002626   0x08002626   0x00000002   Code   RO         7480    i.HAL_UART_MspInit  stm32l4xx_hal_uart.o
    0x08002628   0x08002628   0x000000f2   Code   RO         7481    i.HAL_UART_Receive  stm32l4xx_hal_uart.o
    0x0800271a   0x0800271a   0x000000b4   Code   RO         7486    i.HAL_UART_Transmit  stm32l4xx_hal_uart.o
    0x080027ce   0x080027ce   0x00000002   Code   RO          636    i.HardFault_Handler  stm32l4xx_it.o
    0x080027d0   0x080027d0   0x00000022   Code   RO         6999    i.I2C_Flush_TXDR    stm32l4xx_hal_i2c.o
    0x080027f2   0x080027f2   0x00000002   PAD
    0x080027f4   0x080027f4   0x00000084   Code   RO         7007    i.I2C_IsAcknowledgeFailed  stm32l4xx_hal_i2c.o
    0x08002878   0x08002878   0x00000064   Code   RO         7010    i.I2C_RequestMemoryRead  stm32l4xx_hal_i2c.o
    0x080028dc   0x080028dc   0x00000064   Code   RO         7011    i.I2C_RequestMemoryWrite  stm32l4xx_hal_i2c.o
    0x08002940   0x08002940   0x0000002c   Code   RO         7014    i.I2C_TransferConfig  stm32l4xx_hal_i2c.o
    0x0800296c   0x0800296c   0x00000058   Code   RO         7015    i.I2C_WaitOnFlagUntilTimeout  stm32l4xx_hal_i2c.o
    0x080029c4   0x080029c4   0x0000004c   Code   RO         7017    i.I2C_WaitOnSTOPFlagUntilTimeout  stm32l4xx_hal_i2c.o
    0x08002a10   0x08002a10   0x00000050   Code   RO         7018    i.I2C_WaitOnTXISFlagUntilTimeout  stm32l4xx_hal_i2c.o
    0x08002a60   0x08002a60   0x00000050   Code   RO         6250    i.IKS01A3_MOTION_SENSOR_GetAxes  iks01a3_motion_sensors.o
    0x08002ab0   0x08002ab0   0x000000ea   Code   RO         6256    i.IKS01A3_MOTION_SENSOR_Init  iks01a3_motion_sensors.o
    0x08002b9a   0x08002b9a   0x00000002   PAD
    0x08002b9c   0x08002b9c   0x00000050   Code   RO         6258    i.IKS01A3_MOTION_SENSOR_SetFullScale  iks01a3_motion_sensors.o
    0x08002bec   0x08002bec   0x0000004c   Code   RO         6259    i.IKS01A3_MOTION_SENSOR_SetOutputDataRate  iks01a3_motion_sensors.o
    0x08002c38   0x08002c38   0x000000cc   Code   RO           19    i.Init_all          main.o
    0x08002d04   0x08002d04   0x000000cc   Code   RO         6260    i.LIS2DW12_0_Probe  iks01a3_motion_sensors.o
    0x08002dd0   0x08002dd0   0x00000026   Code   RO         4069    i.LIS2DW12_ACC_Disable  lis2dw12.o
    0x08002df6   0x08002df6   0x00000032   Code   RO         4074    i.LIS2DW12_ACC_Enable  lis2dw12.o
    0x08002e28   0x08002e28   0x00000080   Code   RO         4079    i.LIS2DW12_ACC_GetAxes  lis2dw12.o
    0x08002ea8   0x08002ea8   0x000000aa   Code   RO         4080    i.LIS2DW12_ACC_GetAxesRaw  lis2dw12.o
    0x08002f52   0x08002f52   0x00000042   Code   RO         4081    i.LIS2DW12_ACC_GetFullScale  lis2dw12.o
    0x08002f94   0x08002f94   0x0000016c   Code   RO         4082    i.LIS2DW12_ACC_GetOutputDataRate  lis2dw12.o
    0x08003100   0x08003100   0x000000cc   Code   RO         4083    i.LIS2DW12_ACC_GetSensitivity  lis2dw12.o
    0x080031cc   0x080031cc   0x0000002c   Code   RO         4093    i.LIS2DW12_ACC_SetFullScale  lis2dw12.o
    0x080031f8   0x080031f8   0x00000008   Code   RO         4094    i.LIS2DW12_ACC_SetOutputDataRate  lis2dw12.o
    0x08003200   0x08003200   0x000000d0   Code   RO         4095    i.LIS2DW12_ACC_SetOutputDataRate_When_Disabled  lis2dw12.o
    0x080032d0   0x080032d0   0x00000158   Code   RO         4096    i.LIS2DW12_ACC_SetOutputDataRate_When_Enabled  lis2dw12.o
    0x08003428   0x08003428   0x00000010   Code   RO         4097    i.LIS2DW12_ACC_SetOutputDataRate_With_Mode  lis2dw12.o
    0x08003438   0x08003438   0x0000002c   Code   RO         4104    i.LIS2DW12_DeInit   lis2dw12.o
    0x08003464   0x08003464   0x00000028   Code   RO         4106    i.LIS2DW12_FIFO_Set_Mode  lis2dw12.o
    0x0800348c   0x0800348c   0x00000034   Code   RO         4107    i.LIS2DW12_GetCapabilities  lis2dw12.o
    0x080034c0   0x080034c0   0x0000006c   Code   RO         4108    i.LIS2DW12_Init     lis2dw12.o
    0x0800352c   0x0800352c   0x00000012   Code   RO         4109    i.LIS2DW12_ReadID   lis2dw12.o
    0x0800353e   0x0800353e   0x00000002   PAD
    0x08003540   0x08003540   0x00000178   Code   RO           20    i.LIS2DW12_Read_All_FIFO_Data  main.o
    0x080036b8   0x080036b8   0x00000060   Code   RO         4111    i.LIS2DW12_RegisterBusIO  lis2dw12.o
    0x08003718   0x08003718   0x00000016   Code   RO         4113    i.LIS2DW12_Write_Reg  lis2dw12.o
    0x0800372e   0x0800372e   0x00000002   PAD
    0x08003730   0x08003730   0x000000c8   Code   RO         6261    i.LIS2MDL_0_Probe   iks01a3_motion_sensors.o
    0x080037f8   0x080037f8   0x00000018   Code   RO         4671    i.LIS2MDL_DeInit    lis2mdl.o
    0x08003810   0x08003810   0x00000034   Code   RO         4672    i.LIS2MDL_GetCapabilities  lis2mdl.o
    0x08003844   0x08003844   0x00000040   Code   RO         4673    i.LIS2MDL_Init      lis2mdl.o
    0x08003884   0x08003884   0x00000026   Code   RO         4674    i.LIS2MDL_MAG_Disable  lis2mdl.o
    0x080038aa   0x080038aa   0x0000002a   Code   RO         4675    i.LIS2MDL_MAG_Enable  lis2mdl.o
    0x080038d4   0x080038d4   0x00000064   Code   RO         4676    i.LIS2MDL_MAG_GetAxes  lis2mdl.o
    0x08003938   0x08003938   0x0000002a   Code   RO         4677    i.LIS2MDL_MAG_GetAxesRaw  lis2mdl.o
    0x08003962   0x08003962   0x00000008   Code   RO         4678    i.LIS2MDL_MAG_GetFullScale  lis2mdl.o
    0x0800396a   0x0800396a   0x00000002   PAD
    0x0800396c   0x0800396c   0x00000054   Code   RO         4679    i.LIS2MDL_MAG_GetOutputDataRate  lis2mdl.o
    0x080039c0   0x080039c0   0x0000000c   Code   RO         4680    i.LIS2MDL_MAG_GetSensitivity  lis2mdl.o
    0x080039cc   0x080039cc   0x00000004   Code   RO         4683    i.LIS2MDL_MAG_SetFullScale  lis2mdl.o
    0x080039d0   0x080039d0   0x0000004c   Code   RO         4684    i.LIS2MDL_MAG_SetOutputDataRate  lis2mdl.o
    0x08003a1c   0x08003a1c   0x00000012   Code   RO         4688    i.LIS2MDL_ReadID    lis2mdl.o
    0x08003a2e   0x08003a2e   0x00000002   PAD
    0x08003a30   0x08003a30   0x00000074   Code   RO         4690    i.LIS2MDL_RegisterBusIO  lis2mdl.o
    0x08003aa4   0x08003aa4   0x00000016   Code   RO         4691    i.LIS2MDL_Write_Reg  lis2mdl.o
    0x08003aba   0x08003aba   0x00000002   PAD
    0x08003abc   0x08003abc   0x000000fc   Code   RO         6262    i.LSM6DSO_0_Probe   iks01a3_motion_sensors.o
    0x08003bb8   0x08003bb8   0x00000036   Code   RO         2801    i.LSM6DSO_ACC_Disable  lsm6dso.o
    0x08003bee   0x08003bee   0x0000002c   Code   RO         2811    i.LSM6DSO_ACC_Enable  lsm6dso.o
    0x08003c1a   0x08003c1a   0x00000002   PAD
    0x08003c1c   0x08003c1c   0x00000084   Code   RO         2821    i.LSM6DSO_ACC_GetAxes  lsm6dso.o
    0x08003ca0   0x08003ca0   0x0000002a   Code   RO         2822    i.LSM6DSO_ACC_GetAxesRaw  lsm6dso.o
    0x08003cca   0x08003cca   0x00000040   Code   RO         2823    i.LSM6DSO_ACC_GetFullScale  lsm6dso.o
    0x08003d0a   0x08003d0a   0x00000002   PAD
    0x08003d0c   0x08003d0c   0x000000a4   Code   RO         2824    i.LSM6DSO_ACC_GetOutputDataRate  lsm6dso.o
    0x08003db0   0x08003db0   0x0000005c   Code   RO         2825    i.LSM6DSO_ACC_GetSensitivity  lsm6dso.o
    0x08003e0c   0x08003e0c   0x0000002c   Code   RO         2835    i.LSM6DSO_ACC_SetFullScale  lsm6dso.o
    0x08003e38   0x08003e38   0x00000010   Code   RO         2836    i.LSM6DSO_ACC_SetOutputDataRate  lsm6dso.o
    0x08003e48   0x08003e48   0x000000ac   Code   RO         2837    i.LSM6DSO_ACC_SetOutputDataRate_When_Disabled  lsm6dso.o
    0x08003ef4   0x08003ef4   0x000000b8   Code   RO         2838    i.LSM6DSO_ACC_SetOutputDataRate_When_Enabled  lsm6dso.o
    0x08003fac   0x08003fac   0x0000002a   Code   RO         2854    i.LSM6DSO_DeInit    lsm6dso.o
    0x08003fd6   0x08003fd6   0x00000036   Code   RO         2867    i.LSM6DSO_GYRO_Disable  lsm6dso.o
    0x0800400c   0x0800400c   0x0000002c   Code   RO         2868    i.LSM6DSO_GYRO_Enable  lsm6dso.o
    0x08004038   0x08004038   0x00000076   Code   RO         2870    i.LSM6DSO_GYRO_GetAxes  lsm6dso.o
    0x080040ae   0x080040ae   0x0000002a   Code   RO         2871    i.LSM6DSO_GYRO_GetAxesRaw  lsm6dso.o
    0x080040d8   0x080040d8   0x0000004c   Code   RO         2872    i.LSM6DSO_GYRO_GetFullScale  lsm6dso.o
    0x08004124   0x08004124   0x000000a0   Code   RO         2873    i.LSM6DSO_GYRO_GetOutputDataRate  lsm6dso.o
    0x080041c4   0x080041c4   0x00000068   Code   RO         2874    i.LSM6DSO_GYRO_GetSensitivity  lsm6dso.o
    0x0800422c   0x0800422c   0x00000038   Code   RO         2876    i.LSM6DSO_GYRO_SetFullScale  lsm6dso.o
    0x08004264   0x08004264   0x00000010   Code   RO         2877    i.LSM6DSO_GYRO_SetOutputDataRate  lsm6dso.o
    0x08004274   0x08004274   0x000000ac   Code   RO         2878    i.LSM6DSO_GYRO_SetOutputDataRate_When_Disabled  lsm6dso.o
    0x08004320   0x08004320   0x000000b8   Code   RO         2879    i.LSM6DSO_GYRO_SetOutputDataRate_When_Enabled  lsm6dso.o
    0x080043d8   0x080043d8   0x00000038   Code   RO         2883    i.LSM6DSO_GetCapabilities  lsm6dso.o
    0x08004410   0x08004410   0x00000076   Code   RO         2884    i.LSM6DSO_Init      lsm6dso.o
    0x08004486   0x08004486   0x00000012   Code   RO         2885    i.LSM6DSO_ReadID    lsm6dso.o
    0x08004498   0x08004498   0x00000060   Code   RO         2887    i.LSM6DSO_RegisterBusIO  lsm6dso.o
    0x080044f8   0x080044f8   0x00000016   Code   RO         2889    i.LSM6DSO_Write_Reg  lsm6dso.o
    0x0800450e   0x0800450e   0x00000002   PAD
    0x08004510   0x08004510   0x0000004c   Code   RO          334    i.MX_I2C1_Init      stm32l4xx_nucleo_bus.o
    0x0800455c   0x0800455c   0x000000a4   Code   RO           21    i.MX_IKS01A3_LIS2DW12_FIFOMode_Process  main.o
    0x08004600   0x08004600   0x0000002c   Code   RO           22    i.MX_USART2_UART_Init  main.o
    0x0800462c   0x0800462c   0x00000002   Code   RO          637    i.MemManage_Handler  stm32l4xx_it.o
    0x0800462e   0x0800462e   0x0000002a   Code   RO          800    i.MotionTL_manager_init  motiontl_manager.o
    0x08004658   0x08004658   0x00000002   Code   RO          638    i.NMI_Handler       stm32l4xx_it.o
    0x0800465a   0x0800465a   0x00000020   Code   RO         9161    i.NVIC_SetPriority  stm32l4xx_hal_cortex.o
    0x0800467a   0x0800467a   0x00000002   PAD
    0x0800467c   0x0800467c   0x00000050   Code   RO           23    i.NoCalibration_6point  main.o
    0x080046cc   0x080046cc   0x000000cc   Code   RO           24    i.NoCalibration_MiniMax  main.o
    0x08004798   0x08004798   0x00000002   Code   RO          639    i.PendSV_Handler    stm32l4xx_it.o
    0x0800479a   0x0800479a   0x00000002   PAD
    0x0800479c   0x0800479c   0x0000012c   Code   RO         8264    i.RCCEx_PLLSAI1_Config  stm32l4xx_hal_rcc_ex.o
    0x080048c8   0x080048c8   0x00000108   Code   RO         8265    i.RCCEx_PLLSAI2_Config  stm32l4xx_hal_rcc_ex.o
    0x080049d0   0x080049d0   0x0000007c   Code   RO         8157    i.RCC_SetFlashLatencyFromMSIRange  stm32l4xx_hal_rcc.o
    0x08004a4c   0x08004a4c   0x0000001c   Code   RO         4692    i.ReadMagRegWrap    lis2mdl.o
    0x08004a68   0x08004a68   0x0000000e   Code   RO         2890    i.ReadRegWrap       lsm6dso.o
    0x08004a76   0x08004a76   0x0000000e   Code   RO         4114    i.ReadRegWrap       lis2dw12.o
    0x08004a84   0x08004a84   0x00000002   Code   RO          640    i.SVC_Handler       stm32l4xx_it.o
    0x08004a86   0x08004a86   0x00000004   Code   RO          641    i.SysTick_Handler   stm32l4xx_it.o
    0x08004a8a   0x08004a8a   0x00000002   PAD
    0x08004a8c   0x08004a8c   0x0000009c   Code   RO           25    i.SystemClock_Config  main.o
    0x08004b28   0x08004b28   0x00000044   Code   RO         9351    i.SystemInit        system_stm32l4xx.o
    0x08004b6c   0x08004b6c   0x000000c8   Code   RO         7491    i.UART_AdvFeatureConfig  stm32l4xx_hal_uart.o
    0x08004c34   0x08004c34   0x00000058   Code   RO         7492    i.UART_CheckIdleState  stm32l4xx_hal_uart.o
    0x08004c8c   0x08004c8c   0x000002a0   Code   RO         7507    i.UART_SetConfig    stm32l4xx_hal_uart.o
    0x08004f2c   0x08004f2c   0x00000060   Code   RO         7510    i.UART_WaitOnFlagUntilTimeout  stm32l4xx_hal_uart.o
    0x08004f8c   0x08004f8c   0x00000002   Code   RO          642    i.UsageFault_Handler  stm32l4xx_it.o
    0x08004f8e   0x08004f8e   0x0000001c   Code   RO         4693    i.WriteMagRegWrap   lis2mdl.o
    0x08004faa   0x08004faa   0x0000000e   Code   RO         2891    i.WriteRegWrap      lsm6dso.o
    0x08004fb8   0x08004fb8   0x0000000e   Code   RO         4115    i.WriteRegWrap      lis2dw12.o
    0x08004fc6   0x08004fc6   0x00000002   PAD
    0x08004fc8   0x08004fc8   0x00000020   Code   RO         9776    i.__0printf         mc_w.l(printfa.o)
    0x08004fe8   0x08004fe8   0x00000030   Code   RO         9834    i.__ARM_fpclassify  m_wm.l(fpclassify.o)
    0x08005018   0x08005018   0x000002d8   Code   RO         9479    i.__hardfp_atan     m_wm.l(atan.o)
    0x080052f0   0x080052f0   0x000001f0   Code   RO         9493    i.__hardfp_atan2    m_wm.l(atan2.o)
    0x080054e0   0x080054e0   0x00000104   Code   RO         9505    i.__hardfp_fmod     m_wm.l(fmod.o)
    0x080055e4   0x080055e4   0x000000f8   Code   RO         9836    i.__kernel_poly     m_wm.l(poly.o)
    0x080056dc   0x080056dc   0x00000014   Code   RO         9815    i.__mathlib_dbl_infnan  m_wm.l(dunder.o)
    0x080056f0   0x080056f0   0x00000014   Code   RO         9816    i.__mathlib_dbl_infnan2  m_wm.l(dunder.o)
    0x08005704   0x08005704   0x00000004   PAD
    0x08005708   0x08005708   0x00000020   Code   RO         9817    i.__mathlib_dbl_invalid  m_wm.l(dunder.o)
    0x08005728   0x08005728   0x00000020   Code   RO         9820    i.__mathlib_dbl_underflow  m_wm.l(dunder.o)
    0x08005748   0x08005748   0x0000000e   Code   RO         9891    i.__scatterload_copy  mc_w.l(handlers.o)
    0x08005756   0x08005756   0x00000002   Code   RO         9892    i.__scatterload_null  mc_w.l(handlers.o)
    0x08005758   0x08005758   0x0000000e   Code   RO         9893    i.__scatterload_zeroinit  mc_w.l(handlers.o)
    0x08005766   0x08005766   0x00000002   PAD
    0x08005768   0x08005768   0x0000000c   Code   RO         9864    i.__set_errno       mc_w.l(errno.o)
    0x08005774   0x08005774   0x0000018a   Code   RO         9783    i._fp_digits        mc_w.l(printfa.o)
    0x080058fe   0x080058fe   0x00000002   PAD
    0x08005900   0x08005900   0x000006e2   Code   RO         9784    i._printf_core      mc_w.l(printfa.o)
    0x08005fe2   0x08005fe2   0x00000024   Code   RO         9785    i._printf_post_padding  mc_w.l(printfa.o)
    0x08006006   0x08006006   0x0000002e   Code   RO         9786    i._printf_pre_padding  mc_w.l(printfa.o)
    0x08006034   0x08006034   0x00000010   Code   RO         9481    i.atan              m_wm.l(atan.o)
    0x08006044   0x08006044   0x00000018   Code   RO         9830    i.fabs              m_wm.l(fabs.o)
    0x0800605c   0x0800605c   0x00000024   Code   RO          432    i.fputc             stm32l4xx_nucleo.o
    0x08006080   0x08006080   0x0000008c   Code   RO           26    i.getUserInput      main.o
    0x0800610c   0x0800610c   0x00000050   Code   RO           27    i.initLIS2DW12      main.o
    0x0800615c   0x0800615c   0x0000000a   Code   RO         3360    i.lis2dw12_acceleration_raw_get  lis2dw12_reg.o
    0x08006166   0x08006166   0x0000002e   Code   RO         3369    i.lis2dw12_auto_increment_set  lis2dw12_reg.o
    0x08006194   0x08006194   0x0000002e   Code   RO         3371    i.lis2dw12_block_data_update_set  lis2dw12_reg.o
    0x080061c2   0x080061c2   0x00000078   Code   RO         3376    i.lis2dw12_data_rate_get  lis2dw12_reg.o
    0x0800623a   0x0800623a   0x0000005c   Code   RO         3377    i.lis2dw12_data_rate_set  lis2dw12_reg.o
    0x08006296   0x08006296   0x0000000a   Code   RO         3380    i.lis2dw12_device_id_get  lis2dw12_reg.o
    0x080062a0   0x080062a0   0x0000001a   Code   RO         3385    i.lis2dw12_fifo_data_level_get  lis2dw12_reg.o
    0x080062ba   0x080062ba   0x0000002e   Code   RO         3387    i.lis2dw12_fifo_mode_set  lis2dw12_reg.o
    0x080062e8   0x080062e8   0x0000002e   Code   RO         3390    i.lis2dw12_fifo_watermark_set  lis2dw12_reg.o
    0x08006316   0x08006316   0x00000018   Code   RO         3391    i.lis2dw12_fifo_wtm_flag_get  lis2dw12_reg.o
    0x0800632e   0x0800632e   0x00000036   Code   RO         3406    i.lis2dw12_full_scale_get  lis2dw12_reg.o
    0x08006364   0x08006364   0x0000002e   Code   RO         3407    i.lis2dw12_full_scale_set  lis2dw12_reg.o
    0x08006392   0x08006392   0x000000aa   Code   RO         3422    i.lis2dw12_power_mode_get  lis2dw12_reg.o
    0x0800643c   0x0800643c   0x00000062   Code   RO         3423    i.lis2dw12_power_mode_set  lis2dw12_reg.o
    0x0800649e   0x0800649e   0x0000000e   Code   RO         3424    i.lis2dw12_read_reg  lis2dw12_reg.o
    0x080064ac   0x080064ac   0x0000000e   Code   RO         3470    i.lis2dw12_write_reg  lis2dw12_reg.o
    0x080064ba   0x080064ba   0x0000002e   Code   RO         4358    i.lis2mdl_block_data_update_set  lis2mdl_reg.o
    0x080064e8   0x080064e8   0x00000036   Code   RO         4363    i.lis2mdl_data_rate_get  lis2mdl_reg.o
    0x0800651e   0x0800651e   0x0000002e   Code   RO         4364    i.lis2mdl_data_rate_set  lis2mdl_reg.o
    0x0800654c   0x0800654c   0x0000000a   Code   RO         4365    i.lis2mdl_device_id_get  lis2mdl_reg.o
    0x08006556   0x08006556   0x0000002e   Code   RO         4371    i.lis2mdl_i2c_interface_set  lis2mdl_reg.o
    0x08006584   0x08006584   0x0000000a   Code   RO         4385    i.lis2mdl_magnetic_raw_get  lis2mdl_reg.o
    0x0800658e   0x0800658e   0x0000002e   Code   RO         4391    i.lis2mdl_operating_mode_set  lis2mdl_reg.o
    0x080065bc   0x080065bc   0x0000000e   Code   RO         4394    i.lis2mdl_read_reg  lis2mdl_reg.o
    0x080065ca   0x080065ca   0x0000002e   Code   RO         4398    i.lis2mdl_self_test_set  lis2mdl_reg.o
    0x080065f8   0x080065f8   0x0000000e   Code   RO         4407    i.lis2mdl_write_reg  lis2mdl_reg.o
    0x08006606   0x08006606   0x0000000a   Code   RO          874    i.lsm6dso_acceleration_raw_get  lsm6dso_reg.o
    0x08006610   0x08006610   0x0000000a   Code   RO          884    i.lsm6dso_angular_rate_raw_get  lsm6dso_reg.o
    0x0800661a   0x0800661a   0x0000002e   Code   RO          886    i.lsm6dso_auto_increment_set  lsm6dso_reg.o
    0x08006648   0x08006648   0x0000002e   Code   RO          926    i.lsm6dso_block_data_update_set  lsm6dso_reg.o
    0x08006676   0x08006676   0x0000000a   Code   RO          949    i.lsm6dso_device_id_get  lsm6dso_reg.o
    0x08006680   0x08006680   0x0000002e   Code   RO          963    i.lsm6dso_fifo_mode_set  lsm6dso_reg.o
    0x080066ae   0x080066ae   0x00000054   Code   RO         1007    i.lsm6dso_gy_data_rate_get  lsm6dso_reg.o
    0x08006702   0x08006702   0x0000002e   Code   RO         1008    i.lsm6dso_gy_data_rate_set  lsm6dso_reg.o
    0x08006730   0x08006730   0x0000003a   Code   RO         1012    i.lsm6dso_gy_full_scale_get  lsm6dso_reg.o
    0x0800676a   0x0800676a   0x0000002e   Code   RO         1013    i.lsm6dso_gy_full_scale_set  lsm6dso_reg.o
    0x08006798   0x08006798   0x0000005c   Code   RO         1027    i.lsm6dso_i3c_disable_set  lsm6dso_reg.o
    0x080067f4   0x080067f4   0x0000000e   Code   RO         1079    i.lsm6dso_read_reg  lsm6dso_reg.o
    0x08006802   0x08006802   0x0000000e   Code   RO         1159    i.lsm6dso_write_reg  lsm6dso_reg.o
    0x08006810   0x08006810   0x00000058   Code   RO         1160    i.lsm6dso_xl_data_rate_get  lsm6dso_reg.o
    0x08006868   0x08006868   0x0000002e   Code   RO         1161    i.lsm6dso_xl_data_rate_set  lsm6dso_reg.o
    0x08006896   0x08006896   0x00000036   Code   RO         1167    i.lsm6dso_xl_full_scale_get  lsm6dso_reg.o
    0x080068cc   0x080068cc   0x0000002e   Code   RO         1168    i.lsm6dso_xl_full_scale_set  lsm6dso_reg.o
    0x080068fa   0x080068fa   0x00000002   PAD
    0x080068fc   0x080068fc   0x000000c8   Code   RO           28    i.main              main.o
    0x080069c4   0x080069c4   0x0000000c   Code   RO          758    i.mems_int_pin_a_hardware_event_isr  app_mems_int_pin_a_interface.o
    0x080069d0   0x080069d0   0x00000034   Code   RO          759    i.set_mems_int_pin_a_exti  app_mems_int_pin_a_interface.o
    0x08006a04   0x08006a04   0x00000040   Data   RO         9352    .constdata          system_stm32l4xx.o
    0x08006a44   0x08006a44   0x00000008   Data   RO         9353    .constdata          system_stm32l4xx.o
    0x08006a4c   0x08006a4c   0x00000004   PAD
    0x08006a50   0x08006a50   0x00000098   Data   RO         9482    .constdata          m_wm.l(atan.o)
    0x08006ae8   0x08006ae8   0x00000008   Data   RO         9838    .constdata          m_wm.l(qnan.o)
    0x08006af0   0x08006af0   0x00000020   Data   RO         9889    Region$$Table       anon$$obj.o


    Execution Region RW_IRAM1 (Exec base: 0x20000000, Load base: 0x08006b10, Size: 0x00000760, Max: 0x00018000, ABSOLUTE, COMPRESSED[0x000000c4])

    Exec Addr    Load Addr    Size         Type   Attr      Idx    E Section Name        Object

    0x20000000   COMPRESSED   0x0000000c   Data   RW           32    .data               main.o
    0x2000000c   COMPRESSED   0x00000001   Data   RW           33    .data               main.o
    0x2000000d   COMPRESSED   0x00000003   PAD
    0x20000010   COMPRESSED   0x00000004   Data   RW          336    .data               stm32l4xx_nucleo_bus.o
    0x20000014   COMPRESSED   0x00000018   Data   RW          435    .data               stm32l4xx_nucleo.o
    0x2000002c   COMPRESSED   0x00000008   Data   RW          760    .data               app_mems_int_pin_a_interface.o
    0x20000034   COMPRESSED   0x00000010   Data   RW         2892    .data               lsm6dso.o
    0x20000044   COMPRESSED   0x00000024   Data   RW         2893    .data               lsm6dso.o
    0x20000068   COMPRESSED   0x00000024   Data   RW         2894    .data               lsm6dso.o
    0x2000008c   COMPRESSED   0x00000010   Data   RW         4116    .data               lis2dw12.o
    0x2000009c   COMPRESSED   0x00000024   Data   RW         4117    .data               lis2dw12.o
    0x200000c0   COMPRESSED   0x00000010   Data   RW         4694    .data               lis2mdl.o
    0x200000d0   COMPRESSED   0x00000024   Data   RW         4695    .data               lis2mdl.o
    0x200000f4   COMPRESSED   0x00000014   Data   RW         6264    .data               iks01a3_motion_sensors.o
    0x20000108   COMPRESSED   0x0000000c   Data   RW         7945    .data               stm32l4xx_hal.o
    0x20000114   COMPRESSED   0x00000004   Data   RW         9354    .data               system_stm32l4xx.o
    0x20000118   COMPRESSED   0x00000010   Data   RW         9435    .data               MotionTL_CM4F_wc16_ot.a(motion_tl.o)
    0x20000128   COMPRESSED   0x00000004   Data   RW         9853    .data               mc_w.l(stdout.o)
    0x2000012c   COMPRESSED   0x00000004   Data   RW         9865    .data               mc_w.l(errno.o)
    0x20000130        -       0x0000004c   Zero   RW           31    .bss                main.o
    0x2000017c        -       0x0000004c   Zero   RW          335    .bss                stm32l4xx_nucleo_bus.o
    0x200001c8        -       0x00000080   Zero   RW          433    .bss                stm32l4xx_nucleo.o
    0x20000248        -       0x000000d8   Zero   RW         6263    .bss                iks01a3_motion_sensors.o
    0x20000320        -       0x0000003b   Zero   RW         9436    .bss                MotionTL_CM4F_wc16_ot.a(motion_tl.o)
    0x2000035b   COMPRESSED   0x00000005   PAD
    0x20000360        -       0x00000400   Zero   RW            1    STACK               startup_stm32l476xx.o


==============================================================================

Image component sizes


      Code (inc. data)   RO Data    RW Data    ZI Data      Debug   Object Name

        64         14          0          8          0       1483   app_mems_int_pin_a_interface.o
      1126        148          0         20        216      10252   iks01a3_motion_sensors.o
      2048        370          0         52          0      22578   lis2dw12.o
       862         34          0          0          0      23100   lis2dw12_reg.o
       758         40          0         52          0      16583   lis2mdl.o
       332          0          0          0          0      12609   lis2mdl_reg.o
      2414        326          0         88          0      29385   lsm6dso.o
       756         32          0          0          0      15042   lsm6dso_reg.o
      2626        788          0         13         76     881038   main.o
        42          0          0          0          0        688   motiontl_manager.o
        36          8        392          0       1024        916   startup_stm32l476xx.o
       176         28          0         12          0       5045   stm32l4xx_hal.o
       194         14          0          0          0      31115   stm32l4xx_hal_cortex.o
        70          6          0          0          0       3091   stm32l4xx_hal_exti.o
       842         76          0          0          0       4410   stm32l4xx_hal_gpio.o
      1614         40          0          0          0      16483   stm32l4xx_hal_i2c.o
       168          0          0          0          0       2255   stm32l4xx_hal_i2c_ex.o
        44          6          0          0          0        982   stm32l4xx_hal_msp.o
       120         20          0          0          0       1586   stm32l4xx_hal_pwr_ex.o
      1896         98          0          0          0       7664   stm32l4xx_hal_rcc.o
      1506         44          0          0          0       4512   stm32l4xx_hal_rcc_ex.o
      1582         70          0          0          0       9311   stm32l4xx_hal_uart.o
        74         10          0          0          0       7535   stm32l4xx_it.o
       160         22          0         24        128       5090   stm32l4xx_nucleo.o
       400         54          0          4         76       5678   stm32l4xx_nucleo_bus.o
        68         12         72          4          0       1465   system_stm32l4xx.o

    ----------------------------------------------------------------------
     20028       2260        500        280       1520    1119896   Object Totals
         0          0         32          0          0          0   (incl. Generated)
        50          0          4          3          0          0   (incl. Padding)

    ----------------------------------------------------------------------

      Code (inc. data)   RO Data    RW Data    ZI Data      Debug   Library Member Name

       604        116          0         16         59          0   motion_tl.o
       744        106        152          0          0        352   atan.o
       496         64          0          0          0        192   atan2.o
       104         16          0          0          0        496   dunder.o
        24          0          0          0          0        124   fabs.o
       260          6          0          0          0        144   fmod.o
        48          0          0          0          0        124   fpclassify.o
       248          0          0          0          0        152   poly.o
         0          0          8          0          0          0   qnan.o
        86          0          0          0          0          0   __dczerorl2.o
         0          0          0          0          0          0   entry.o
         0          0          0          0          0          0   entry10a.o
         0          0          0          0          0          0   entry11a.o
         8          4          0          0          0          0   entry2.o
         4          0          0          0          0          0   entry5.o
         0          0          0          0          0          0   entry7b.o
         0          0          0          0          0          0   entry8b.o
         8          4          0          0          0          0   entry9a.o
        12          6          0          4          0         68   errno.o
        30          0          0          0          0          0   handlers.o
        36          8          0          0          0         68   init.o
         0          0          0          0          0          0   iusefp.o
        30          0          0          0          0         68   llshl.o
        36          0          0          0          0         68   llsshr.o
        32          0          0          0          0         68   llushr.o
        36          0          0          0          0        108   memseta.o
      2270         90          0          0          0        452   printfa.o
         0          0          0          4          0          0   stdout.o
        14          0          0          0          0         68   strlen.o
        44          0          0          0          0         80   uidiv.o
       104          0          0          0          0         92   uldiv.o
        48          0          0          0          0         68   cdrcmple.o
        56          0          0          0          0         88   d2f.o
       350          0          0          0          0        148   dadd.o
       222          0          0          0          0        100   ddiv.o
       186          0          0          0          0        176   depilogue.o
        48          0          0          0          0         68   dfixul.o
       234          0          0          0          0         96   dmul.o
       140          0          0          0          0         96   drem.o
        38          0          0          0          0         68   f2d.o
       110          0          0          0          0        168   fepilogue.o

    ----------------------------------------------------------------------
      6720        420        160         24         64       3800   Library Totals
        10          0          0          0          5          0   (incl. Padding)

    ----------------------------------------------------------------------

      Code (inc. data)   RO Data    RW Data    ZI Data      Debug   Library Name

       604        116          0         16         59          0   MotionTL_CM4F_wc16_ot.a
      1924        192        160          0          0       1584   m_wm.l
      2750        112          0          8          0       1140   mc_w.l
      1432          0          0          0          0       1076   mf_w.l

    ----------------------------------------------------------------------
      6720        420        160         24         64       3800   Library Totals

    ----------------------------------------------------------------------

==============================================================================


      Code (inc. data)   RO Data    RW Data    ZI Data      Debug   

     26748       2680        660        304       1584    1101488   Grand Totals
     26748       2680        660        196       1584    1101488   ELF Image Totals (compressed)
     26748       2680        660        196          0          0   ROM Totals

==============================================================================

    Total RO  Size (Code + RO Data)                27408 (  26.77kB)
    Total RW  Size (RW Data + ZI Data)              1888 (   1.84kB)
    Total ROM Size (Code + RO Data + RW Data)      27604 (  26.96kB)

==============================================================================

